Archive member included to satisfy reference by file (symbol)

e:/software/gcc_2021.10/bin/../lib/gcc/arm-none-eabi/10.3.1/thumb/v7e-m/nofp\libgcc.a(_arm_muldf3.o)
                              ./objects/printf-stdarg.o (__aeabi_dmul)
e:/software/gcc_2021.10/bin/../lib/gcc/arm-none-eabi/10.3.1/thumb/v7e-m/nofp\libgcc.a(_arm_addsubdf3.o)
                              ./objects/printf-stdarg.o (__aeabi_dsub)
e:/software/gcc_2021.10/bin/../lib/gcc/arm-none-eabi/10.3.1/thumb/v7e-m/nofp\libgcc.a(_arm_muldivdf3.o)
                              ./objects/printf-stdarg.o (__aeabi_ddiv)
e:/software/gcc_2021.10/bin/../lib/gcc/arm-none-eabi/10.3.1/thumb/v7e-m/nofp\libgcc.a(_arm_cmpdf2.o)
                              ./objects/printf-stdarg.o (__aeabi_dcmpeq)
e:/software/gcc_2021.10/bin/../lib/gcc/arm-none-eabi/10.3.1/thumb/v7e-m/nofp\libgcc.a(_arm_fixdfsi.o)
                              ./objects/printf-stdarg.o (__aeabi_d2iz)
e:/software/gcc_2021.10/bin/../lib/gcc/arm-none-eabi/10.3.1/thumb/v7e-m/nofp\libgcc.a(_arm_fixunsdfsi.o)
                              ./objects/printf-stdarg.o (__aeabi_d2uiz)
e:/software/gcc_2021.10/bin/../lib/gcc/arm-none-eabi/10.3.1/thumb/v7e-m/nofp\libgcc.a(_aeabi_uldivmod.o)
                              ./objects/printf-stdarg.o (__aeabi_uldivmod)
e:/software/gcc_2021.10/bin/../lib/gcc/arm-none-eabi/10.3.1/thumb/v7e-m/nofp\libgcc.a(_fixunsdfdi.o)
                              ./objects/rtc-board.o (__aeabi_d2ulz)
e:/software/gcc_2021.10/bin/../lib/gcc/arm-none-eabi/10.3.1/thumb/v7e-m/nofp\libgcc.a(_udivmoddi4.o)
                              e:/software/gcc_2021.10/bin/../lib/gcc/arm-none-eabi/10.3.1/thumb/v7e-m/nofp\libgcc.a(_aeabi_uldivmod.o) (__udivmoddi4)
e:/software/gcc_2021.10/bin/../lib/gcc/arm-none-eabi/10.3.1/thumb/v7e-m/nofp\libgcc.a(_dvmd_tls.o)
                              e:/software/gcc_2021.10/bin/../lib/gcc/arm-none-eabi/10.3.1/thumb/v7e-m/nofp\libgcc.a(_aeabi_uldivmod.o) (__aeabi_ldiv0)
e:/software/gcc_2021.10/bin/../lib/gcc/arm-none-eabi/10.3.1/../../../../arm-none-eabi/lib/thumb/v7e-m/nofp\libc.a(lib_a-atoi.o)
                              ./objects/lora_at_cmd.o (atoi)
e:/software/gcc_2021.10/bin/../lib/gcc/arm-none-eabi/10.3.1/../../../../arm-none-eabi/lib/thumb/v7e-m/nofp\libc.a(lib_a-exit.o)
                              e:/software/gcc_2021.10/bin/../lib/gcc/arm-none-eabi/10.3.1/../../../../arm-none-eabi/lib/thumb/v7e-m/nofp/crt0.o (exit)
e:/software/gcc_2021.10/bin/../lib/gcc/arm-none-eabi/10.3.1/../../../../arm-none-eabi/lib/thumb/v7e-m/nofp\libc.a(lib_a-impure.o)
                              e:/software/gcc_2021.10/bin/../lib/gcc/arm-none-eabi/10.3.1/../../../../arm-none-eabi/lib/thumb/v7e-m/nofp\libc.a(lib_a-exit.o) (_global_impure_ptr)
e:/software/gcc_2021.10/bin/../lib/gcc/arm-none-eabi/10.3.1/../../../../arm-none-eabi/lib/thumb/v7e-m/nofp\libc.a(lib_a-init.o)
                              e:/software/gcc_2021.10/bin/../lib/gcc/arm-none-eabi/10.3.1/../../../../arm-none-eabi/lib/thumb/v7e-m/nofp/crt0.o (__libc_init_array)
e:/software/gcc_2021.10/bin/../lib/gcc/arm-none-eabi/10.3.1/../../../../arm-none-eabi/lib/thumb/v7e-m/nofp\libc.a(lib_a-memcpy.o)
                              ./objects/tremo_flash.o (memcpy)
e:/software/gcc_2021.10/bin/../lib/gcc/arm-none-eabi/10.3.1/../../../../arm-none-eabi/lib/thumb/v7e-m/nofp\libc.a(lib_a-memset.o)
                              e:/software/gcc_2021.10/bin/../lib/gcc/arm-none-eabi/10.3.1/../../../../arm-none-eabi/lib/thumb/v7e-m/nofp/crt0.o (memset)
e:/software/gcc_2021.10/bin/../lib/gcc/arm-none-eabi/10.3.1/../../../../arm-none-eabi/lib/thumb/v7e-m/nofp\libc.a(lib_a-strlen.o)
                              ./objects/lora_at_cmd.o (strlen)
e:/software/gcc_2021.10/bin/../lib/gcc/arm-none-eabi/10.3.1/../../../../arm-none-eabi/lib/thumb/v7e-m/nofp\libc.a(lib_a-strncmp.o)
                              ./objects/lora_at_cmd.o (strncmp)
e:/software/gcc_2021.10/bin/../lib/gcc/arm-none-eabi/10.3.1/../../../../arm-none-eabi/lib/thumb/v7e-m/nofp\libc.a(lib_a-strncpy.o)
                              ./objects/ringbuff.o (strncpy)
e:/software/gcc_2021.10/bin/../lib/gcc/arm-none-eabi/10.3.1/../../../../arm-none-eabi/lib/thumb/v7e-m/nofp\libc.a(lib_a-strtol.o)
                              e:/software/gcc_2021.10/bin/../lib/gcc/arm-none-eabi/10.3.1/../../../../arm-none-eabi/lib/thumb/v7e-m/nofp\libc.a(lib_a-atoi.o) (_strtol_r)
e:/software/gcc_2021.10/bin/../lib/gcc/arm-none-eabi/10.3.1/../../../../arm-none-eabi/lib/thumb/v7e-m/nofp\libc.a(lib_a-__call_atexit.o)
                              e:/software/gcc_2021.10/bin/../lib/gcc/arm-none-eabi/10.3.1/../../../../arm-none-eabi/lib/thumb/v7e-m/nofp\libc.a(lib_a-exit.o) (__call_exitprocs)
e:/software/gcc_2021.10/bin/../lib/gcc/arm-none-eabi/10.3.1/../../../../arm-none-eabi/lib/thumb/v7e-m/nofp\libc.a(lib_a-atexit.o)
[...]
Memory Configuration

Name             Origin             Length             Attributes
FLASH            0x08010000         0x00020000         xr
RAM              0x20000000         0x00004000         xrw
*default*        0x00000000         0xffffffff

Linker script and memory map

LOAD e:/software/gcc_2021.10/bin/../lib/gcc/arm-none-eabi/10.3.1/thumb/v7e-m/nofp/crti.o
LOAD e:/software/gcc_2021.10/bin/../lib/gcc/arm-none-eabi/10.3.1/thumb/v7e-m/nofp/crtbegin.o
LOAD e:/software/gcc_2021.10/bin/../lib/gcc/arm-none-eabi/10.3.1/../../../../arm-none-eabi/lib/thumb/v7e-m/nofp/crt0.o
LOAD ./objects/startup_cm4.o
LOAD ./objects/system_cm4.o
LOAD ./objects/printf-stdarg.o
LOAD ./objects/tremo_adc.o
LOAD ./objects/tremo_bstimer.o
LOAD ./objects/tremo_crc.o
LOAD ./objects/tremo_dac.o
LOAD ./objects/tremo_delay.o
LOAD ./objects/tremo_dma.o
LOAD ./objects/tremo_flash.o
LOAD ./objects/tremo_gpio.o
LOAD ./objects/tremo_i2c.o
LOAD ./objects/tremo_i2s.o
LOAD ./objects/tremo_iwdg.o
LOAD ./objects/tremo_lcd.o
LOAD ./objects/tremo_lptimer.o
LOAD ./objects/tremo_lpuart.o
LOAD ./objects/tremo_pwr.o
LOAD ./objects/tremo_rcc.o
LOAD ./objects/tremo_rtc.o
LOAD ./objects/tremo_spi.o
LOAD ./objects/tremo_system.o
LOAD ./objects/tremo_timer.o
LOAD ./objects/tremo_uart.o
LOAD ./objects/tremo_wdg.o
LOAD ./objects/main.o
LOAD ./objects/tremo_it.o
LOAD ./objects/lora_demo.o
LOAD ./objects/app.o
LOAD ./objects/stm8_armcode.o
LOAD ./objects/rtc-board.o
LOAD ./objects/sx1262-board.o
LOAD ./objects/delay.o
LOAD ./objects/timer.o
LOAD ./objects/sx126x.o
LOAD ./objects/radio.o
LOAD ./objects/utilities.o
LOAD ./objects/modbus_core.o
LOAD ./objects/modbus_crc.o
LOAD ./objects/modbus_hook.o
LOAD ./objects/modbus_user.o
LOAD ./objects/lora_at_cmd.o
LOAD ./objects/lora_cmd_m.o
LOAD ./objects/lora_cmd_s.o
LOAD ./objects/lora_core.o
LOAD ./objects/lora_flash.o
LOAD ./objects/lora_function.o
LOAD ./objects/lora_user.o
LOAD ./objects/ymodem.o
LOAD ./objects/sendpacket.o
LOAD ./objects/mb_hook.o
LOAD ./objects/mb_host.o
LOAD ./objects/mb_port.o
LOAD ./objects/ringbuff.o
LOAD ./objects/dac_ctrl.o
LOAD ./objects/key_ctrl.o
LOAD ./objects/led_595_ctrl.o
LOAD ./objects/mbs_cmd_ctrl.o
LOAD ./objects/relay_ctrl.o
LOAD ./objects/rgb_ctrl.o
LOAD ./objects/scr_ctrl.o
START GROUP
LOAD e:/software/gcc_2021.10/bin/../lib/gcc/arm-none-eabi/10.3.1/thumb/v7e-m/nofp\libgcc.a
LOAD e:/software/gcc_2021.10/bin/../lib/gcc/arm-none-eabi/10.3.1/../../../../arm-none-eabi/lib/thumb/v7e-m/nofp\libc.a
END GROUP
LOAD e:/software/gcc_2021.10/bin/../lib/gcc/arm-none-eabi/10.3.1/thumb/v7e-m/nofp/crtend.o
LOAD e:/software/gcc_2021.10/bin/../lib/gcc/arm-none-eabi/10.3.1/thumb/v7e-m/nofp/crtn.o
                0x20004000                _estack = 0x20004000
                0x00000000                _HEAP_SIZE = 0x0
                0x00001000                _STACK_SIZE = 0x1000

.isr_vector     0x08010000       0xd4
                0x08010000                . = ALIGN (0x4)
 *(.isr_vector)
 .isr_vector    0x08010000       0xd4 ./objects/startup_cm4.o
                0x08010000                g_pfnVectors
                0x080100d4                . = ALIGN (0x4)

.text           0x080100d8     0x72e4
                0x080100d8                . = ALIGN (0x4)
 *(.text)
 .text          0x080100d8       0x40 e:/software/gcc_2021.10/bin/../lib/gcc/arm-none-eabi/10.3.1/thumb/v7e-m/nofp/crtbegin.o
 .text          0x08010118      0x378 e:/software/gcc_2021.10/bin/../lib/gcc/arm-none-eabi/10.3.1/thumb/v7e-m/nofp\libgcc.a(_arm_addsubdf3.o)
                0x08010118                __aeabi_drsub
                0x08010120                __aeabi_dsub
                0x08010120                __subdf3
                0x08010124                __aeabi_dadd
                0x08010124                __adddf3
                0x0801039c                __floatunsidf
                0x0801039c                __aeabi_ui2d
                0x080103bc                __floatsidf
                0x080103bc                __aeabi_i2d
                0x080103e0                __aeabi_f2d
                0x080103e0                __extendsfdf2
                0x08010424                __floatundidf
                0x08010424                __aeabi_ul2d
                0x08010434                __floatdidf
                0x08010434                __aeabi_l2d
 .text          0x08010490      0x424 e:/software/gcc_2021.10/bin/../lib/gcc/arm-none-eabi/10.3.1/thumb/v7e-m/nofp\libgcc.a(_arm_muldivdf3.o)
                0x08010490                __aeabi_dmul
                0x08010490                __muldf3
                0x080106e4                __divdf3
                0x080106e4                __aeabi_ddiv
 .text          0x080108b4      0x110 e:/software/gcc_2021.10/bin/../lib/gcc/arm-none-eabi/10.3.1/thumb/v7e-m/nofp\libgcc.a(_arm_cmpdf2.o)
                0x080108b4                __gtdf2
                0x080108b4                __gedf2
                0x080108bc                __ltdf2
                0x080108bc                __ledf2
                0x080108c4                __nedf2
                0x080108c4                __eqdf2
                0x080108c4                __cmpdf2
                0x08010940                __aeabi_cdrcmple
                0x08010950                __aeabi_cdcmpeq
                0x08010950                __aeabi_cdcmple
                0x08010960                __aeabi_dcmpeq
                0x08010974                __aeabi_dcmplt
                0x08010988                __aeabi_dcmple
                0x0801099c                __aeabi_dcmpge
                0x080109b0                __aeabi_dcmpgt
 .text          0x080109c4       0x40 e:/software/gcc_2021.10/bin/../lib/gcc/arm-none-eabi/10.3.1/thumb/v7e-m/nofp\libgcc.a(_arm_fixunsdfsi.o)
                0x080109c4                __aeabi_d2uiz
                0x080109c4                __fixunsdfsi
 .text          0x08010a04       0x3c e:/software/gcc_2021.10/bin/../lib/gcc/arm-none-eabi/10.3.1/thumb/v7e-m/nofp\libgcc.a(_fixunsdfdi.o)
                0x08010a04                __fixunsdfdi
                0x08010a04                __aeabi_d2ulz
 .text          0x08010a40      0x134 e:/software/gcc_2021.10/bin/../lib/gcc/arm-none-eabi/10.3.1/../../../../arm-none-eabi/lib/thumb/v7e-m/nofp\libc.a(lib_a-memcpy.o)
                0x08010a40                memcpy
 *(.text*)
 .text.Reset_Handler
                0x08010b74       0x48 ./objects/startup_cm4.o
                0x08010b74                Reset_Handler
 .text.Default_Handler
                0x08010bbc        0x2 ./objects/startup_cm4.o
                0x08010bbc                SCC_IRQHandler
                0x08010bbc                TIMER2_IRQHandler
                0x08010bbc                EFC_IRQHandler
                0x08010bbc                I2C0_IRQHandler
                0x08010bbc                SAC_IRQHandler
                0x08010bbc                I2C1_IRQHandler
                0x08010bbc                UART1_IRQHandler
                0x08010bbc                TIMER3_IRQHandler
                0x08010bbc                SEC_IRQHandler
                0x08010bbc                WDG_IRQHandler
                0x08010bbc                LPTIMER1_IRQHandler
                0x08010bbc                LPTIMER0_IRQHandler
                0x08010bbc                SSP0_IRQHandler
                0x08010bbc                I2S_IRQHandler
                0x08010bbc                I2C2_IRQHandler
                0x08010bbc                TIMER0_IRQHandler
                0x08010bbc                LCD_IRQHandler
                0x08010bbc                LPUART_IRQHandler
                0x08010bbc                TIMER1_IRQHandler
                0x08010bbc                UART2_IRQHandler
                0x08010bbc                Default_Handler
                0x08010bbc                ADC_IRQHandler
                0x08010bbc                SSP1_IRQHandler
                0x08010bbc                DMA0_IRQHandler
                0x08010bbc                IWDG_IRQHandler
                0x08010bbc                SSP2_IRQHandler
                0x08010bbc                BSTIMER1_IRQHandler
                0x08010bbc                DAC_IRQHandler
                0x08010bbc                AFEC_IRQHandler
                0x08010bbc                QSPI_IRQHandler
                0x08010bbc                DMA1_IRQHandler
 *fill*         0x08010bbe        0x2 
 .text.nvic_init
                0x08010bc0       0x24 ./objects/system_cm4.o
                0x08010bc0                nvic_init
 .text.system_init
                0x08010be4       0x44 ./objects/system_cm4.o
                0x08010be4                system_init
 .text.bstimer_init
                0x08010c28       0x28 ./objects/tremo_bstimer.o
                0x08010c28                bstimer_init
 .text.bstimer_config_overflow_update
                0x08010c50       0x12 ./objects/tremo_bstimer.o
                0x08010c50                bstimer_config_overflow_update
 .text.bstimer_cmd
                0x08010c62       0x12 ./objects/tremo_bstimer.o
                0x08010c62                bstimer_cmd
 .text.bstimer_config_interrupt
                0x08010c74       0x12 ./objects/tremo_bstimer.o
                0x08010c74                bstimer_config_interrupt
 .text.bstimer_get_status
                0x08010c86        0xe ./objects/tremo_bstimer.o
                0x08010c86                bstimer_get_status
 .text.delay_init
                0x08010c94       0x48 ./objects/tremo_delay.o
                0x08010c94                delay_init
 .text.delay_us
                0x08010cdc       0x30 ./objects/tremo_delay.o
                0x08010cdc                delay_us
 .text.delay_ms
                0x08010d0c        0xa ./objects/tremo_delay.o
                0x08010d0c                delay_ms
 *fill*         0x08010d16        0x2 
 .text.flash_erase_page
                0x08010d18       0x64 ./objects/tremo_flash.o
                0x08010d18                flash_erase_page
 .text.flash_program_bytes
                0x08010d7c       0xd0 ./objects/tremo_flash.o
                0x08010d7c                flash_program_bytes
 .text.gpio_init
                0x08010e4c      0x124 ./objects/tremo_gpio.o
                0x08010e4c                gpio_init
 .text.gpio_write
                0x08010f70       0xb4 ./objects/tremo_gpio.o
                0x08010f70                gpio_write
 .text.gpio_read
                0x08011024       0x12 ./objects/tremo_gpio.o
                0x08011024                gpio_read
 .text.gpio_clear_interrupt
                0x08011036       0x10 ./objects/tremo_gpio.o
                0x08011036                gpio_clear_interrupt
 .text.gpio_config_interrupt
                0x08011046       0x20 ./objects/tremo_gpio.o
                0x08011046                gpio_config_interrupt
 .text.gpio_get_interrupt_status
                0x08011066       0x14 ./objects/tremo_gpio.o
                0x08011066                gpio_get_interrupt_status
 *fill*         0x0801107a        0x2 
 .text.gpio_set_iomux
                0x0801107c       0x44 ./objects/tremo_gpio.o
                0x0801107c                gpio_set_iomux
 .text.pwr_xo32k_lpm_cmd
                0x080110c0       0x18 ./objects/tremo_pwr.o
                0x080110c0                pwr_xo32k_lpm_cmd
 .text.rcc_get_clk_freq
                0x080110d8       0x9c ./objects/tremo_rcc.o
                0x080110d8                rcc_get_clk_freq
 .text.rcc_get_uart0_clk_source
                0x08011174        0xc ./objects/tremo_rcc.o
                0x08011174                rcc_get_uart0_clk_source
 .text.rcc_get_uart1_clk_source
                0x08011180        0xc ./objects/tremo_rcc.o
                0x08011180                rcc_get_uart1_clk_source
 .text.rcc_get_uart2_clk_source
                0x0801118c        0xc ./objects/tremo_rcc.o
                0x0801118c                rcc_get_uart2_clk_source
 .text.rcc_get_uart3_clk_source
                0x08011198        0xc ./objects/tremo_rcc.o
                0x08011198                rcc_get_uart3_clk_source
 .text.rcc_get_rtc_clk_source
                0x080111a4        0xc ./objects/tremo_rcc.o
                0x080111a4                rcc_get_rtc_clk_source
 .text.rcc_enable_peripheral_clk
                0x080111b0      0x4b4 ./objects/tremo_rcc.o
                0x080111b0                rcc_enable_peripheral_clk
 .text.rcc_enable_oscillator
                0x08011664       0xfc ./objects/tremo_rcc.o
                0x08011664                rcc_enable_oscillator
 .text.rtc_check_syn
                0x08011760       0x14 ./objects/tremo_rtc.o
                0x08011760                rtc_check_syn
 .text.rtc_cyc_cmd
                0x08011774       0x20 ./objects/tremo_rtc.o
                0x08011774                rtc_cyc_cmd
 .text.rtc_config_cyc_wakeup
                0x08011794       0x24 ./objects/tremo_rtc.o
                0x08011794                rtc_config_cyc_wakeup
 .text.rtc_get_calendar
                0x080117b8       0xdc ./objects/tremo_rtc.o
                0x080117b8                rtc_get_calendar
 .text.rtc_set_status
                0x08011894       0x30 ./objects/tremo_rtc.o
                0x08011894                rtc_set_status
 .text.rtc_get_status
                0x080118c4       0x38 ./objects/tremo_rtc.o
                0x080118c4                rtc_get_status
 .text.rtc_config_interrupt
                0x080118fc       0x38 ./objects/tremo_rtc.o
                0x080118fc                rtc_config_interrupt
 .text.rtc_config_cyc_max
                0x08011934       0x14 ./objects/tremo_rtc.o
                0x08011934                rtc_config_cyc_max
 .text.system_reset
                0x08011948       0x20 ./objects/tremo_system.o
                0x08011948                system_reset
 .text.system_get_chip_id
                0x08011968       0x1c ./objects/tremo_system.o
                0x08011968                system_get_chip_id
 .text.timer_init
                0x08011984       0x44 ./objects/tremo_timer.o
                0x08011984                timer_init
 .text.timer_cmd
                0x080119c8       0x12 ./objects/tremo_timer.o
                0x080119c8                timer_cmd
 .text.timer_config_oc
                0x080119da       0xb4 ./objects/tremo_timer.o
                0x080119da                timer_config_oc
 .text.timer_config_pwm
                0x08011a8e       0x34 ./objects/tremo_timer.o
                0x08011a8e                timer_config_pwm
 .text.uart_get_flag_status
                0x08011ac2        0xc ./objects/tremo_uart.o
                0x08011ac2                uart_get_flag_status
 .text.uart_config_interrupt
                0x08011ace       0x10 ./objects/tremo_uart.o
                0x08011ace                uart_config_interrupt
 .text.uart_config_init
                0x08011ade       0x18 ./objects/tremo_uart.o
                0x08011ade                uart_config_init
 .text.uart_cmd
                0x08011af6       0x12 ./objects/tremo_uart.o
                0x08011af6                uart_cmd
 .text.uart_get_interrupt_status
                0x08011b08        0xc ./objects/tremo_uart.o
                0x08011b08                uart_get_interrupt_status
 .text.uart_clear_interrupt
                0x08011b14        0x4 ./objects/tremo_uart.o
                0x08011b14                uart_clear_interrupt
 .text.uart_init
                0x08011b18      0x140 ./objects/tremo_uart.o
                0x08011b18                uart_init
 .text.wdg_start
                0x08011c58       0x30 ./objects/tremo_wdg.o
                0x08011c58                wdg_start
 .text.wdg_reload
                0x08011c88       0x20 ./objects/tremo_wdg.o
                0x08011c88                wdg_reload
 .text.BSTIMER0_IRQHandler
                0x08011ca8       0x38 ./objects/main.o
                0x08011ca8                BSTIMER0_IRQHandler
 .text.millis   0x08011ce0        0xc ./objects/main.o
                0x08011ce0                millis
 .text.UART_SendData
                0x08011cec       0x58 ./objects/main.o
                0x08011cec                UART_SendData
 .text.startup.main
                0x08011d44      0x35c ./objects/main.o
                0x08011d44                main
 .text.UART3_IRQHandler
                0x080120a0       0x50 ./objects/main.o
                0x080120a0                UART3_IRQHandler
 .text.UART0_IRQHandler
                0x080120f0       0x50 ./objects/main.o
                0x080120f0                UART0_IRQHandler
 .text.GPIO_IRQHandler
                0x08012140       0x28 ./objects/main.o
                0x08012140                GPIO_IRQHandler
 .text.NMI_Handler
                0x08012168        0x2 ./objects/tremo_it.o
                0x08012168                NMI_Handler
 .text.HardFault_Handler
                0x0801216a        0x2 ./objects/tremo_it.o
                0x0801216a                HardFault_Handler
 .text.MemManage_Handler
                0x0801216c        0x2 ./objects/tremo_it.o
                0x0801216c                MemManage_Handler
 .text.BusFault_Handler
                0x0801216e        0x2 ./objects/tremo_it.o
                0x0801216e                BusFault_Handler
 .text.UsageFault_Handler
                0x08012170        0x2 ./objects/tremo_it.o
                0x08012170                UsageFault_Handler
 .text.SVC_Handler
                0x08012172        0x2 ./objects/tremo_it.o
                0x08012172                SVC_Handler
 .text.PendSV_Handler
                0x08012174        0x2 ./objects/tremo_it.o
                0x08012174                PendSV_Handler
 .text.SysTick_Handler
                0x08012176        0x2 ./objects/tremo_it.o
                0x08012176                SysTick_Handler
 .text.PWR_IRQHandler
                0x08012178        0x2 ./objects/tremo_it.o
                0x08012178                PWR_IRQHandler
 .text.LORA_IRQHandler
                0x0801217a        0x4 ./objects/tremo_it.o
                0x0801217a                LORA_IRQHandler
 .text.RTC_IRQHandler
                0x0801217e        0x4 ./objects/tremo_it.o
                0x0801217e                RTC_IRQHandler
 *fill*         0x08012182        0x2 
 .text.OnTxDone
                0x08012184       0x18 ./objects/lora_demo.o
                0x08012184                OnTxDone
 .text.OnTxTimeout
                0x0801219c       0x18 ./objects/lora_demo.o
                0x0801219c                OnTxTimeout
 .text.OnRxTimeout
                0x080121b4       0x18 ./objects/lora_demo.o
                0x080121b4                OnRxTimeout
 .text.OnRxError
                0x080121cc       0x18 ./objects/lora_demo.o
                0x080121cc                OnRxError
 .text.OnRxDone
                0x080121e4       0x40 ./objects/lora_demo.o
                0x080121e4                OnRxDone
 .text.lora_init
                0x08012224      0x19c ./objects/lora_demo.o
                0x08012224                lora_init
 .text.Lora_IRQ_Rrocess
                0x080123c0       0x34 ./objects/lora_demo.o
                0x080123c0                Lora_IRQ_Rrocess
 .text.Wait2TXEnd
                0x080123f4       0x50 ./objects/lora_demo.o
                0x080123f4                Wait2TXEnd
 .text.Ymodem_data_process
                0x08012444       0x6c ./objects/app.o
                0x08012444                Ymodem_data_process
 .text.System_Run
                0x080124b0      0x3a4 ./objects/app.o
                0x080124b0                System_Run
 .text.RtcSetTimeout
                0x08012854       0x8c ./objects/rtc-board.o
                0x08012854                RtcSetTimeout
 .text.RtcGetTimerContext
                0x080128e0        0xc ./objects/rtc-board.o
                0x080128e0                RtcGetTimerContext
 .text.RtcGetTimerValue
                0x080128ec      0x10c ./objects/rtc-board.o
                0x080128ec                RtcGetTimerValue
 .text.RtcSetTimerContext
                0x080129f8       0x18 ./objects/rtc-board.o
                0x080129f8                RtcSetTimerContext
 .text.RtcGetElapsedTime
                0x08012a10       0x18 ./objects/rtc-board.o
                0x08012a10                RtcGetElapsedTime
 .text.RtcOnIrq
                0x08012a28       0x32 ./objects/rtc-board.o
                0x08012a28                RtcOnIrq
 .text.BoardDisableIrq
                0x08012a5a        0x4 ./objects/sx1262-board.o
                0x08012a5a                BoardDisableIrq
 .text.BoardEnableIrq
                0x08012a5e        0x4 ./objects/sx1262-board.o
                0x08012a5e                BoardEnableIrq
 *fill*         0x08012a62        0x2 
 .text.SpiInOut
                0x08012a64       0x18 ./objects/sx1262-board.o
                0x08012a64                SpiInOut
 .text.SX126xLoracInit
                0x08012a7c       0x5c ./objects/sx1262-board.o
                0x08012a7c                SX126xLoracInit
 .text.SX126xGetBoardTcxoWakeupTime
                0x08012ad8        0x4 ./objects/sx1262-board.o
                0x08012ad8                SX126xGetBoardTcxoWakeupTime
 .text.SX126xReset
                0x08012adc       0x54 ./objects/sx1262-board.o
                0x08012adc                SX126xReset
 .text.SX126xWaitOnBusy
                0x08012b30       0x18 ./objects/sx1262-board.o
                0x08012b30                SX126xWaitOnBusy
 .text.SX126xWakeup
                0x08012b48       0x30 ./objects/sx1262-board.o
                0x08012b48                SX126xWakeup
 .text.SX126xWriteCommand
                0x08012b78       0x44 ./objects/sx1262-board.o
                0x08012b78                SX126xWriteCommand
 .text.SX126xReadCommand
                0x08012bbc       0x48 ./objects/sx1262-board.o
                0x08012bbc                SX126xReadCommand
 .text.SX126xWriteRegisters
                0x08012c04       0x48 ./objects/sx1262-board.o
                0x08012c04                SX126xWriteRegisters
 .text.SX126xWriteRegister
                0x08012c4c       0x16 ./objects/sx1262-board.o
                0x08012c4c                SX126xWriteRegister
 *fill*         0x08012c62        0x2 
 .text.SX126xReadRegisters
                0x08012c64       0x50 ./objects/sx1262-board.o
                0x08012c64                SX126xReadRegisters
 .text.SX126xReadRegister
                0x08012cb4       0x16 ./objects/sx1262-board.o
                0x08012cb4                SX126xReadRegister
 *fill*         0x08012cca        0x2 
 .text.SX126xWriteBuffer
                0x08012ccc       0x44 ./objects/sx1262-board.o
                0x08012ccc                SX126xWriteBuffer
 .text.SX126xReadBuffer
                0x08012d10       0x4c ./objects/sx1262-board.o
                0x08012d10                SX126xReadBuffer
 .text.SX126xSetRfTxPower
                0x08012d5c        0x6 ./objects/sx1262-board.o
                0x08012d5c                SX126xSetRfTxPower
 .text.SX126xGetPaSelect
                0x08012d62        0x4 ./objects/sx1262-board.o
                0x08012d62                SX126xGetPaSelect
 *fill*         0x08012d66        0x2 
 .text.SX126xAntSwOn
                0x08012d68       0x10 ./objects/sx1262-board.o
                0x08012d68                SX126xAntSwOn
 .text.SX126xAntSwOff
                0x08012d78       0x10 ./objects/sx1262-board.o
                0x08012d78                SX126xAntSwOff
 .text.DelayMs  0x08012d88        0x4 ./objects/delay.o
                0x08012d88                DelayMs
 .text.TimeStampsUpdate
                0x08012d8c       0x2c ./objects/timer.o
 .text.TimerIrqHandler
                0x08012db8       0x74 ./objects/timer.o
                0x08012db8                TimerIrqHandler
 .text.SX126xGetOperatingMode
                0x08012e2c        0xc ./objects/sx126x.o
                0x08012e2c                SX126xGetOperatingMode
 .text.SX126xSetOperatingMode
                0x08012e38        0xc ./objects/sx126x.o
                0x08012e38                SX126xSetOperatingMode
 .text.SX126xCheckDeviceReady
                0x08012e44       0x24 ./objects/sx126x.o
                0x08012e44                SX126xCheckDeviceReady
 .text.SX126xSetPayload
                0x08012e68        0xa ./objects/sx126x.o
                0x08012e68                SX126xSetPayload
 .text.SX126xSetSyncWord
                0x08012e72       0x12 ./objects/sx126x.o
                0x08012e72                SX126xSetSyncWord
 .text.SX126xSetCrcSeed
                0x08012e84       0x28 ./objects/sx126x.o
                0x08012e84                SX126xSetCrcSeed
 .text.SX126xSetCrcPolynomial
                0x08012eac       0x28 ./objects/sx126x.o
                0x08012eac                SX126xSetCrcPolynomial
 .text.SX126xSetWhiteningSeed
                0x08012ed4       0x38 ./objects/sx126x.o
                0x08012ed4                SX126xSetWhiteningSeed
 .text.SX126xSetSleep
                0x08012f0c       0x24 ./objects/sx126x.o
                0x08012f0c                SX126xSetSleep
 .text.SX126xSetStandby
                0x08012f30       0x2c ./objects/sx126x.o
                0x08012f30                SX126xSetStandby
 .text.SX126xSetTx
                0x08012f5c       0x2c ./objects/sx126x.o
                0x08012f5c                SX126xSetTx
 .text.SX126xSendPayload
                0x08012f88       0x12 ./objects/sx126x.o
                0x08012f88                SX126xSendPayload
 *fill*         0x08012f9a        0x2 
 .text.SX126xSetRx
                0x08012f9c       0x2c ./objects/sx126x.o
                0x08012f9c                SX126xSetRx
 .text.SX126xSetRxBoosted
                0x08012fc8       0x38 ./objects/sx126x.o
                0x08012fc8                SX126xSetRxBoosted
 .text.SX126xSetRxDutyCycle
                0x08013000       0x3c ./objects/sx126x.o
                0x08013000                SX126xSetRxDutyCycle
 .text.SX126xSetCad
                0x0801303c       0x18 ./objects/sx126x.o
                0x0801303c                SX126xSetCad
 .text.SX126xSetTxContinuousWave
                0x08013054        0xa ./objects/sx126x.o
                0x08013054                SX126xSetTxContinuousWave
 .text.SX126xSetStopRxTimerOnPreambleDetect
                0x0801305e       0x18 ./objects/sx126x.o
                0x0801305e                SX126xSetStopRxTimerOnPreambleDetect
 .text.SX126xSetLoRaSymbNumTimeout
                0x08013076       0x18 ./objects/sx126x.o
                0x08013076                SX126xSetLoRaSymbNumTimeout
 .text.SX126xSetRegulatorMode
                0x0801308e       0x18 ./objects/sx126x.o
                0x0801308e                SX126xSetRegulatorMode
 *fill*         0x080130a6        0x2 
 .text.SX126xCalibrateImage
                0x080130a8       0x78 ./objects/sx126x.o
                0x080130a8                SX126xCalibrateImage
 .text.SX126xSetPaConfig
                0x08013120       0x24 ./objects/sx126x.o
                0x08013120                SX126xSetPaConfig
 .text.SX126xSetDioIrqParams
                0x08013144       0x38 ./objects/sx126x.o
                0x08013144                SX126xSetDioIrqParams
 .text.SX126xGetIrqStatus
                0x0801317c       0x1a ./objects/sx126x.o
                0x0801317c                SX126xGetIrqStatus
 .text.SX126xSetDio2AsRfSwitchCtrl
                0x08013196       0x18 ./objects/sx126x.o
                0x08013196                SX126xSetDio2AsRfSwitchCtrl
 *fill*         0x080131ae        0x2 
 .text.SX126xInit
                0x080131b0       0x28 ./objects/sx126x.o
                0x080131b0                SX126xInit
 .text.SX126xSetRfFrequency
                0x080131d8       0x5c ./objects/sx126x.o
                0x080131d8                SX126xSetRfFrequency
 .text.SX126xSetPacketType
                0x08013234       0x20 ./objects/sx126x.o
                0x08013234                SX126xSetPacketType
 .text.SX126xGetPacketType
                0x08013254        0xc ./objects/sx126x.o
                0x08013254                SX126xGetPacketType
 .text.SX126xSetTxParams
                0x08013260       0xbc ./objects/sx126x.o
                0x08013260                SX126xSetTxParams
 *fill*         0x0801331c        0x4 
 .text.SX126xSetModulationParams
                0x08013320       0xcc ./objects/sx126x.o
                0x08013320                SX126xSetModulationParams
 .text.SX126xSetPacketParams
                0x080133ec       0xcc ./objects/sx126x.o
                0x080133ec                SX126xSetPacketParams
 .text.SX126xSetCadParams
                0x080134b8       0x3c ./objects/sx126x.o
                0x080134b8                SX126xSetCadParams
 .text.SX126xSetBufferBaseAddress
                0x080134f4       0x1a ./objects/sx126x.o
                0x080134f4                SX126xSetBufferBaseAddress
 .text.SX126xGetRssiInst
                0x0801350e       0x1a ./objects/sx126x.o
                0x0801350e                SX126xGetRssiInst
 .text.SX126xGetRxBufferStatus
                0x08013528       0x48 ./objects/sx126x.o
                0x08013528                SX126xGetRxBufferStatus
 .text.SX126xGetPayload
                0x08013570       0x32 ./objects/sx126x.o
                0x08013570                SX126xGetPayload
 *fill*         0x080135a2        0x2 
 .text.SX126xGetPacketStatus
                0x080135a4       0x80 ./objects/sx126x.o
                0x080135a4                SX126xGetPacketStatus
 .text.SX126xClearIrqStatus
                0x08013624       0x1c ./objects/sx126x.o
                0x08013624                SX126xClearIrqStatus
 .text.RadioIsChannelFree
                0x08013640        0x4 ./objects/radio.o
                0x08013640                RadioIsChannelFree
 .text.RadioCheckRfFrequency
                0x08013644        0x4 ./objects/radio.o
                0x08013644                RadioCheckRfFrequency
 .text.RadioStandby
                0x08013648        0x6 ./objects/radio.o
                0x08013648                RadioStandby
 *fill*         0x0801364e        0x2 
 .text.RadioInit
                0x08013650       0x3c ./objects/radio.o
                0x08013650                RadioInit
 .text.RadioGetStatus
                0x0801368c       0x18 ./objects/radio.o
                0x0801368c                RadioGetStatus
 .text.RadioSetChannel
                0x080136a4        0x4 ./objects/radio.o
                0x080136a4                RadioSetChannel
 .text.RadioRssi
                0x080136a8        0xa ./objects/radio.o
                0x080136a8                RadioRssi
 .text.RadioRead
                0x080136b2        0x4 ./objects/radio.o
                0x080136b2                RadioRead
 .text.RadioWrite
                0x080136b6        0x4 ./objects/radio.o
                0x080136b6                RadioWrite
 *fill*         0x080136ba        0x2 
 .text.RadioSend
                0x080136bc       0x40 ./objects/radio.o
                0x080136bc                RadioSend
 .text.RadioSleep
                0x080136fc       0x20 ./objects/radio.o
                0x080136fc                RadioSleep
 .text.RadioSetRxDutyCycle
                0x0801371c        0x4 ./objects/radio.o
                0x0801371c                RadioSetRxDutyCycle
 .text.RadioStartCad
                0x08013720       0x58 ./objects/radio.o
                0x08013720                RadioStartCad
 .text.RadioSetTxContinuousWave
                0x08013778       0x16 ./objects/radio.o
                0x08013778                RadioSetTxContinuousWave
 .text.RadioWriteBuffer
                0x0801378e        0x4 ./objects/radio.o
                0x0801378e                RadioWriteBuffer
 .text.RadioReadBuffer
                0x08013792        0x4 ./objects/radio.o
                0x08013792                RadioReadBuffer
 .text.RadioGetWakeupTime
                0x08013796        0xa ./objects/radio.o
                0x08013796                RadioGetWakeupTime
 .text.RadioGetFskBandwidthRegValue
                0x080137a0       0x34 ./objects/radio.o
 .text.RadioRx  0x080137d4       0x30 ./objects/radio.o
                0x080137d4                RadioRx
 .text.RadioSetMaxPayloadLength
                0x08013804       0x2c ./objects/radio.o
                0x08013804                RadioSetMaxPayloadLength
 .text.RadioRxBoosted
                0x08013830       0x2c ./objects/radio.o
                0x08013830                RadioRxBoosted
 .text.RadioIrqProcess
                0x0801385c      0x144 ./objects/radio.o
                0x0801385c                RadioIrqProcess
 .text.RadioSetPublicNetwork
                0x080139a0       0x40 ./objects/radio.o
                0x080139a0                RadioSetPublicNetwork
 .text.RadioSetModem.part.0
                0x080139e0       0x28 ./objects/radio.o
 .text.RadioSetModem
                0x08013a08       0x24 ./objects/radio.o
                0x08013a08                RadioSetModem
 .text.RadioRandom
                0x08013a2c       0x3c ./objects/radio.o
                0x08013a2c                RadioRandom
 .text.RadioSymbTime
                0x08013a68       0x2c ./objects/radio.o
                0x08013a68                RadioSymbTime
 *fill*         0x08013a94        0x4 
 .text.RadioSetRxConfig
                0x08013a98      0x210 ./objects/radio.o
                0x08013a98                RadioSetRxConfig
 .text.RadioSetTxConfig
                0x08013ca8      0x194 ./objects/radio.o
                0x08013ca8                RadioSetTxConfig
 *fill*         0x08013e3c        0x4 
 .text.RadioTimeOnAir
                0x08013e40      0x190 ./objects/radio.o
                0x08013e40                RadioTimeOnAir
 .text.RadioOnDioIrq
                0x08013fd0       0x20 ./objects/radio.o
                0x08013fd0                RadioOnDioIrq
 .text.rand1    0x08013ff0       0x28 ./objects/utilities.o
                0x08013ff0                rand1
 .text.MBS_PhysicalSendBuff
                0x08014018       0x14 ./objects/modbus_core.o
                0x08014018                MBS_PhysicalSendBuff
 .text.MBS_PortSendWithCRC
                0x0801402c       0x22 ./objects/modbus_core.o
                0x0801402c                MBS_PortSendWithCRC
 *fill*         0x0801404e        0x2 
 .text.MBS_PortSendAck
                0x08014050       0x44 ./objects/modbus_core.o
                0x08014050                MBS_PortSendAck
 .text.MBS_CoreAnalyze
                0x08014094       0x40 ./objects/modbus_core.o
                0x08014094                MBS_CoreAnalyze
 .text.MBS_CorePoll
                0x080140d4       0x64 ./objects/modbus_core.o
                0x080140d4                MBS_CorePoll
 .text.MBS_Physical2SendBuff
                0x08014138        0x4 ./objects/modbus_core.o
                0x08014138                MBS_Physical2SendBuff
 .text.mb_crc16
                0x0801413c       0x2c ./objects/modbus_crc.o
                0x0801413c                mb_crc16
 .text.MBS_Function01H
                0x08014168       0xf0 ./objects/modbus_hook.o
                0x08014168                MBS_Function01H
 .text.MBS_Function05H
                0x08014258       0x54 ./objects/modbus_hook.o
                0x08014258                MBS_Function05H
 .text.MBS_Function0FH
                0x080142ac       0x70 ./objects/modbus_hook.o
                0x080142ac                MBS_Function0FH
 .text.MBS_Function03H
                0x0801431c       0x80 ./objects/modbus_hook.o
                0x0801431c                MBS_Function03H
 .text.MBS_Function06H
                0x0801439c       0x3c ./objects/modbus_hook.o
                0x0801439c                MBS_Function06H
 .text.MBS_Function10H
                0x080143d8       0x50 ./objects/modbus_hook.o
                0x080143d8                MBS_Function10H
 .text.MBS_MappingInit
                0x08014428      0x188 ./objects/modbus_user.o
                0x08014428                MBS_MappingInit
 .text.MBS_MemReadCoilState
                0x080145b0       0x28 ./objects/modbus_user.o
                0x080145b0                MBS_MemReadCoilState
 .text.MBS_MemWriteCoilsState
                0x080145d8       0x48 ./objects/modbus_user.o
                0x080145d8                MBS_MemWriteCoilsState
 .text.MBS_MemWriteCoilState
                0x08014620       0x2c ./objects/modbus_user.o
                0x08014620                MBS_MemWriteCoilState
 .text.MBS_MemReadHoldRegValue
                0x0801464c       0x5c ./objects/modbus_user.o
                0x0801464c                MBS_MemReadHoldRegValue
 .text.MBS_MemWriteHoldRegValue
                0x080146a8       0x5c ./objects/modbus_user.o
                0x080146a8                MBS_MemWriteHoldRegValue
 .text.Cmd_BeaconRequest
                0x08014704      0x10c ./objects/lora_cmd_m.o
                0x08014704                Cmd_BeaconRequest
 .text.Cmd_SlaverInNet
                0x08014810       0x60 ./objects/lora_cmd_m.o
                0x08014810                Cmd_SlaverInNet
 .text.Cmd_Slaver_Request_Leave
                0x08014870       0x54 ./objects/lora_cmd_m.o
                0x08014870                Cmd_Slaver_Request_Leave
 .text.Cmd_HeartBeat
                0x080148c4        0x2 ./objects/lora_cmd_m.o
                0x080148c4                Cmd_HeartBeat
 *fill*         0x080148c6        0x2 
 .text.Cmd_Lora_SendData
                0x080148c8       0x40 ./objects/lora_cmd_m.o
                0x080148c8                Cmd_Lora_SendData
 .text.Cmd_MBS_Cmd_ACK
                0x08014908        0x2 ./objects/lora_cmd_m.o
                0x08014908                Cmd_MBS_Cmd_ACK
 *fill*         0x0801490a        0x2 
 .text.Cmd_Beacon
                0x0801490c       0x80 ./objects/lora_cmd_s.o
                0x0801490c                Cmd_Beacon
 .text.Cmd_DeviceAnnonce
                0x0801498c       0x58 ./objects/lora_cmd_s.o
                0x0801498c                Cmd_DeviceAnnonce
 .text.Cmd_Master_Request_Leave
                0x080149e4       0x38 ./objects/lora_cmd_s.o
                0x080149e4                Cmd_Master_Request_Leave
 .text.Cmd_Lora_Change_Para
                0x08014a1c       0x50 ./objects/lora_cmd_s.o
                0x08014a1c                Cmd_Lora_Change_Para
 .text.Cmd_Query_Rssi
                0x08014a6c       0x2c ./objects/lora_cmd_s.o
                0x08014a6c                Cmd_Query_Rssi
 .text.PCmd_BeaconRequest
                0x08014a98       0x2c ./objects/lora_cmd_s.o
                0x08014a98                PCmd_BeaconRequest
 .text.PCmd_HeartBeat
                0x08014ac4       0x40 ./objects/lora_cmd_s.o
                0x08014ac4                PCmd_HeartBeat
 .text.Cmd_MBS_Cmd_Request
                0x08014b04       0x44 ./objects/lora_cmd_s.o
                0x08014b04                Cmd_MBS_Cmd_Request
 .text.PCmd_MBS_Cmd_ACK
                0x08014b48       0x20 ./objects/lora_cmd_s.o
                0x08014b48                PCmd_MBS_Cmd_ACK
 .text.NVIC_SystemReset
                0x08014b68       0x20 ./objects/lora_core.o
 .text.CusProfile_Send
                0x08014b88       0xb4 ./objects/lora_core.o
                0x08014b88                CusProfile_Send
 .text.CusProfile_Receive
                0x08014c3c      0x17c ./objects/lora_core.o
                0x08014c3c                CusProfile_Receive
 .text.Slaver_Period_1s
                0x08014db8      0x180 ./objects/lora_core.o
                0x08014db8                Slaver_Period_1s
 .text.Lora_State_Data_Syn
                0x08014f38      0x17c ./objects/lora_flash.o
                0x08014f38                Lora_State_Data_Syn
 .text.Lora_State_Save
                0x080150b4       0xb0 ./objects/lora_flash.o
                0x080150b4                Lora_State_Save
 .text.Lora_AsData_Add
                0x08015164       0x8c ./objects/lora_flash.o
                0x08015164                Lora_AsData_Add
 .text.Lora_AsData_Del
                0x080151f0       0x3c ./objects/lora_flash.o
                0x080151f0                Lora_AsData_Del
 .text.mbs_data_syn
                0x0801522c      0x118 ./objects/lora_flash.o
                0x0801522c                mbs_data_syn
 .text.mbs_data_save
                0x08015344      0x1d4 ./objects/lora_flash.o
                0x08015344                mbs_data_save
 .text.IAP_Check
                0x08015518       0x80 ./objects/lora_flash.o
                0x08015518                IAP_Check
 .text.Get_IDLE_ID
                0x08015598       0x20 ./objects/lora_function.o
                0x08015598                Get_IDLE_ID
 .text.Compare_ShortAddr
                0x080155b8       0x28 ./objects/lora_function.o
                0x080155b8                Compare_ShortAddr
 .text.Compare_MAC
                0x080155e0       0x3c ./objects/lora_function.o
                0x080155e0                Compare_MAC
 .text.XOR_Calculate
                0x0801561c       0x14 ./objects/lora_function.o
                0x0801561c                XOR_Calculate
 .text.Lora_ReceiveData2State
                0x08015630       0x40 ./objects/lora_function.o
                0x08015630                Lora_ReceiveData2State
 .text.ChipID_Syn
                0x08015670       0x50 ./objects/lora_user.o
                0x08015670                ChipID_Syn
 .text.Lora_StateInit
                0x080156c0       0x18 ./objects/lora_user.o
                0x080156c0                Lora_StateInit
 .text.User_Slaver_Cmd
                0x080156d8       0x7c ./objects/lora_user.o
                0x080156d8                User_Slaver_Cmd
 .text.Random_Delay
                0x08015754       0x3c ./objects/lora_user.o
                0x08015754                Random_Delay
 .text.Lora_Send_Data
                0x08015790       0x24 ./objects/lora_user.o
                0x08015790                Lora_Send_Data
 .text.Cmd_OTA_Device
                0x080157b4       0xb4 ./objects/lora_user.o
                0x080157b4                Cmd_OTA_Device
 .text.Cmd_OTA_SubDevice
                0x08015868       0x64 ./objects/lora_user.o
                0x08015868                Cmd_OTA_SubDevice
 .text.PCmd_OTA_SubDeviceAck
                0x080158cc       0x18 ./objects/lora_user.o
                0x080158cc                PCmd_OTA_SubDeviceAck
 .text.Cmd_Query_Version
                0x080158e4       0x44 ./objects/lora_user.o
                0x080158e4                Cmd_Query_Version
 .text.Cmd_Query_SubVersion
                0x08015928       0x50 ./objects/lora_user.o
                0x08015928                Cmd_Query_SubVersion
 .text.PCmd_Query_SubVersion_ACK
                0x08015978       0xac ./objects/lora_user.o
                0x08015978                PCmd_Query_SubVersion_ACK
 .text.PCmd_RoomIR_Update
                0x08015a24       0x38 ./objects/lora_user.o
                0x08015a24                PCmd_RoomIR_Update
 .text.mbh_hook_rec01
                0x08015a5c       0x4c ./objects/mb_hook.o
                0x08015a5c                mbh_hook_rec01
 .text.mbh_hook_rec03
                0x08015aa8       0x4c ./objects/mb_hook.o
                0x08015aa8                mbh_hook_rec03
 .text.mbh_hook_rec05
                0x08015af4       0x50 ./objects/mb_hook.o
                0x08015af4                mbh_hook_rec05
 .text.mbh_hook_rec06
                0x08015b44       0x40 ./objects/mb_hook.o
                0x08015b44                mbh_hook_rec06
 .text.mbh_hook_rec15
                0x08015b84       0x54 ./objects/mb_hook.o
                0x08015b84                mbh_hook_rec15
 .text.mbh_hook_rec16
                0x08015bd8       0x54 ./objects/mb_hook.o
                0x08015bd8                mbh_hook_rec16
 .text.MBS_0FH.part.0
                0x08015c2c       0x80 ./objects/mb_host.o
 .text.mbh_exec
                0x08015cac      0x294 ./objects/mb_host.o
                0x08015cac                mbh_exec
 .text.mbh_poll
                0x08015f40       0xb8 ./objects/mb_host.o
                0x08015f40                mbh_poll
 .text.MBS_01H  0x08015ff8       0x60 ./objects/mb_host.o
                0x08015ff8                MBS_01H
 .text.MBS_03H  0x08016058       0x64 ./objects/mb_host.o
                0x08016058                MBS_03H
 .text.MBS_Master_Period_100ms
                0x080160bc      0x17c ./objects/mb_host.o
                0x080160bc                MBS_Master_Period_100ms
 .text.mbs_coildata_syn
                0x08016238       0x60 ./objects/mb_host.o
                0x08016238                mbs_coildata_syn
 .text.mbs_regdata_syn
                0x08016298       0x5e ./objects/mb_host.o
                0x08016298                mbs_regdata_syn
 *fill*         0x080162f6        0x2 
 .text.mb_port_send_data
                0x080162f8       0x48 ./objects/mb_port.o
                0x080162f8                mb_port_send_data
 .text.mb_port_get_tick
                0x08016340        0xc ./objects/mb_port.o
                0x08016340                mb_port_get_tick
 .text.MBS_IR_Map_Init
                0x0801634c       0x2c ./objects/mb_port.o
                0x0801634c                MBS_IR_Map_Init
 .text.MBS_RoomLight_Map_Init
                0x08016378       0x38 ./objects/mb_port.o
                0x08016378                MBS_RoomLight_Map_Init
 .text.MBS_IR_Detect_Map_Init
                0x080163b0       0x5c ./objects/mb_port.o
                0x080163b0                MBS_IR_Detect_Map_Init
 .text.MBS_IR_Detect2_Map_Init
                0x0801640c       0x5c ./objects/mb_port.o
                0x0801640c                MBS_IR_Detect2_Map_Init
 .text.MBS_Switch_Map_Init
                0x08016468       0x78 ./objects/mb_port.o
                0x08016468                MBS_Switch_Map_Init
 .text.MBS_BLE_Map_Init
                0x080164e0       0x60 ./objects/mb_port.o
                0x080164e0                MBS_BLE_Map_Init
 .text.MBS_RoomIR_Map_Init
                0x08016540       0x74 ./objects/mb_port.o
                0x08016540                MBS_RoomIR_Map_Init
 .text.mbh_map_init
                0x080165b4       0x2c ./objects/mb_port.o
                0x080165b4                mbh_map_init
 .text.ringbuff_write_Hex
                0x080165e0       0x48 ./objects/ringbuff.o
                0x080165e0                ringbuff_write_Hex
 .text.ringbuff_read_Hex
                0x08016628       0x52 ./objects/ringbuff.o
                0x08016628                ringbuff_read_Hex
 *fill*         0x0801667a        0x2 
 .text.mbs_ctrl
                0x0801667c       0x38 ./objects/mbs_cmd_ctrl.o
                0x0801667c                mbs_ctrl
 .text.RelayGPIO_Write.part.0
                0x080166b4       0x74 ./objects/relay_ctrl.o
 .text.AirCon_Relay_Auto_Close
                0x08016728        0x2 ./objects/relay_ctrl.o
                0x08016728                AirCon_Relay_Auto_Close
 *fill*         0x0801672a        0x2 
 .text.MBS_Data_Init
                0x0801672c      0x100 ./objects/relay_ctrl.o
                0x0801672c                MBS_Data_Init
 .text.RelayGPIO_Write
                0x0801682c        0xa ./objects/relay_ctrl.o
                0x0801682c                RelayGPIO_Write
 .text.Relay_All_Closed
                0x08016836       0x14 ./objects/relay_ctrl.o
                0x08016836                Relay_All_Closed
 *fill*         0x0801684a        0x2 
 .text.Relay_CTRL
                0x0801684c      0x404 ./objects/relay_ctrl.o
                0x0801684c                Relay_CTRL
 .text.Relay_Service
                0x08016c50       0x94 ./objects/relay_ctrl.o
                0x08016c50                Relay_Service
 .text.RGB_PWM_CTRL
                0x08016ce4       0x38 ./objects/rgb_ctrl.o
                0x08016ce4                RGB_PWM_CTRL
 .text.PWM_CTRL_DataFrom_showcow20
                0x08016d1c       0xbc ./objects/rgb_ctrl.o
                0x08016d1c                PWM_CTRL_DataFrom_showcow20
 .text.RGB_Service
                0x08016dd8       0x44 ./objects/rgb_ctrl.o
                0x08016dd8                RGB_Service
 .text.__libc_init_array
                0x08016e1c       0x48 e:/software/gcc_2021.10/bin/../lib/gcc/arm-none-eabi/10.3.1/../../../../arm-none-eabi/lib/thumb/v7e-m/nofp\libc.a(lib_a-init.o)
                0x08016e1c                __libc_init_array
 .text.memset   0x08016e64       0xa4 e:/software/gcc_2021.10/bin/../lib/gcc/arm-none-eabi/10.3.1/../../../../arm-none-eabi/lib/thumb/v7e-m/nofp\libc.a(lib_a-memset.o)
                0x08016e64                memset
 .text.startup.register_fini
                0x08016f08       0x14 e:/software/gcc_2021.10/bin/../lib/gcc/arm-none-eabi/10.3.1/../../../../arm-none-eabi/lib/thumb/v7e-m/nofp\libc.a(lib_a-__call_atexit.o)
 .text.atexit   0x08016f1c        0xc e:/software/gcc_2021.10/bin/../lib/gcc/arm-none-eabi/10.3.1/../../../../arm-none-eabi/lib/thumb/v7e-m/nofp\libc.a(lib_a-atexit.o)
                0x08016f1c                atexit
 .text.__libc_fini_array
                0x08016f28       0x2c e:/software/gcc_2021.10/bin/../lib/gcc/arm-none-eabi/10.3.1/../../../../arm-none-eabi/lib/thumb/v7e-m/nofp\libc.a(lib_a-fini.o)
                0x08016f28                __libc_fini_array
 .text.__retarget_lock_acquire_recursive
                0x08016f54        0x4 e:/software/gcc_2021.10/bin/../lib/gcc/arm-none-eabi/10.3.1/../../../../arm-none-eabi/lib/thumb/v7e-m/nofp\libc.a(lib_a-lock.o)
                0x08016f54                __retarget_lock_acquire_recursive
 .text.__retarget_lock_release_recursive
                0x08016f58        0x4 e:/software/gcc_2021.10/bin/../lib/gcc/arm-none-eabi/10.3.1/../../../../arm-none-eabi/lib/thumb/v7e-m/nofp\libc.a(lib_a-lock.o)
                0x08016f58                __retarget_lock_release_recursive
 .text.__register_exitproc
                0x08016f5c       0x8c e:/software/gcc_2021.10/bin/../lib/gcc/arm-none-eabi/10.3.1/../../../../arm-none-eabi/lib/thumb/v7e-m/nofp\libc.a(lib_a-__atexit.o)
                0x08016f5c                __register_exitproc
 .text.ceil     0x08016fe8       0xf8 e:/software/gcc_2021.10/bin/../lib/gcc/arm-none-eabi/10.3.1/../../../../arm-none-eabi/lib/thumb/v7e-m/nofp\libm.a(lib_a-s_ceil.o)
                0x08016fe8                ceil
 .text.floor    0x080170e0       0xf8 e:/software/gcc_2021.10/bin/../lib/gcc/arm-none-eabi/10.3.1/../../../../arm-none-eabi/lib/thumb/v7e-m/nofp\libm.a(lib_a-s_floor.o)
                0x080170e0                floor
 .text.rint     0x080171d8      0x138 e:/software/gcc_2021.10/bin/../lib/gcc/arm-none-eabi/10.3.1/../../../../arm-none-eabi/lib/thumb/v7e-m/nofp\libm.a(lib_a-s_rint.o)
                0x080171d8                rint
 .text.round    0x08017310       0x94 e:/software/gcc_2021.10/bin/../lib/gcc/arm-none-eabi/10.3.1/../../../../arm-none-eabi/lib/thumb/v7e-m/nofp\libm.a(lib_a-s_round.o)
                0x08017310                round
 *(.glue_7)
 .glue_7        0x080173a4        0x0 linker stubs
 *(.glue_7t)
 .glue_7t       0x080173a4        0x0 linker stubs
 *(.eh_frame)
 .eh_frame      0x080173a4        0x0 e:/software/gcc_2021.10/bin/../lib/gcc/arm-none-eabi/10.3.1/thumb/v7e-m/nofp/crtbegin.o
 *(.init)
 .init          0x080173a4        0x4 e:/software/gcc_2021.10/bin/../lib/gcc/arm-none-eabi/10.3.1/thumb/v7e-m/nofp/crti.o
                0x080173a4                _init
 .init          0x080173a8        0x8 e:/software/gcc_2021.10/bin/../lib/gcc/arm-none-eabi/10.3.1/thumb/v7e-m/nofp/crtn.o
 *(.fini)
 .fini          0x080173b0        0x4 e:/software/gcc_2021.10/bin/../lib/gcc/arm-none-eabi/10.3.1/thumb/v7e-m/nofp/crti.o
                0x080173b0                _fini
 .fini          0x080173b4        0x8 e:/software/gcc_2021.10/bin/../lib/gcc/arm-none-eabi/10.3.1/thumb/v7e-m/nofp/crtn.o
                0x080173bc                . = ALIGN (0x4)
                0x080173bc                _etext = .

.vfp11_veneer   0x080173bc        0x0
 .vfp11_veneer  0x080173bc        0x0 linker stubs

.v4_bx          0x080173bc        0x0
 .v4_bx         0x080173bc        0x0 linker stubs

.iplt           0x080173bc        0x0
 .iplt          0x080173bc        0x0 e:/software/gcc_2021.10/bin/../lib/gcc/arm-none-eabi/10.3.1/thumb/v7e-m/nofp/crtbegin.o

.rodata         0x080173c0      0x6a8
                0x080173c0                . = ALIGN (0x4)
 *(.rodata)
 .rodata        0x080173c0        0xc ./objects/tremo_uart.o
 .rodata        0x080173cc        0x8 ./objects/app.o
 .rodata        0x080173d4      0x2ca ./objects/stm8_armcode.o
                0x080173d4                stm8ArmCode_PA2
 .rodata        0x0801769e       0x18 ./objects/rtc-board.o
 .rodata        0x080176b6       0x11 ./objects/sx126x.o
 *fill*         0x080176c7        0x1 
 .rodata        0x080176c8      0x188 ./objects/radio.o
                0x080176c8                FskBandwidths
                0x080177d8                Bandwidths
                0x080177e4                Radio
 .rodata        0x08017850      0x200 ./objects/modbus_crc.o
                0x08017850                TblCRCHi
                0x08017950                TblCRCLo
 *(.rodata*)
 .rodata.str1.1
                0x08017a50        0x4 ./objects/main.o
 .rodata._global_impure_ptr
                0x08017a54        0x4 e:/software/gcc_2021.10/bin/../lib/gcc/arm-none-eabi/10.3.1/../../../../arm-none-eabi/lib/thumb/v7e-m/nofp\libc.a(lib_a-impure.o)
                0x08017a54                _global_impure_ptr
 .rodata.TWO52  0x08017a58       0x10 e:/software/gcc_2021.10/bin/../lib/gcc/arm-none-eabi/10.3.1/../../../../arm-none-eabi/lib/thumb/v7e-m/nofp\libm.a(lib_a-s_rint.o)
                0x08017a68                . = ALIGN (0x4)

.rel.dyn        0x08017a68        0x0
 .rel.iplt      0x08017a68        0x0 e:/software/gcc_2021.10/bin/../lib/gcc/arm-none-eabi/10.3.1/thumb/v7e-m/nofp/crtbegin.o

.ARM.extab
 *(.ARM.extab* .gnu.linkonce.armextab.*)

.ARM            0x08017a68        0x0
                0x08017a68                __exidx_start = .
 *(.ARM.exidx*)
                0x08017a68                __exidx_end = .

.preinit_array  0x08017a68        0x0
                0x08017a68                PROVIDE (__preinit_array_start = .)
 *(.preinit_array*)
                0x08017a68                PROVIDE (__preinit_array_end = .)

.init_array     0x08017a68        0x8
                0x08017a68                PROVIDE (__init_array_start = .)
 *(SORT_BY_NAME(.init_array.*))
 .init_array.00000
                0x08017a68        0x4 e:/software/gcc_2021.10/bin/../lib/gcc/arm-none-eabi/10.3.1/../../../../arm-none-eabi/lib/thumb/v7e-m/nofp\libc.a(lib_a-__call_atexit.o)
 *(.init_array*)
 .init_array    0x08017a6c        0x4 e:/software/gcc_2021.10/bin/../lib/gcc/arm-none-eabi/10.3.1/thumb/v7e-m/nofp/crtbegin.o
                0x08017a70                PROVIDE (__init_array_end = .)

.fini_array     0x08017a70        0x4
                0x08017a70                PROVIDE (__fini_array_start = .)
 *(SORT_BY_NAME(.fini_array.*))
 *(.fini_array*)
 .fini_array    0x08017a70        0x4 e:/software/gcc_2021.10/bin/../lib/gcc/arm-none-eabi/10.3.1/thumb/v7e-m/nofp/crtbegin.o
                0x08017a74                PROVIDE (__fini_array_end = .)
                0x08017a74                _sidata = LOADADDR (.data)

.data           0x20000000      0x45c load address 0x08017a74
                0x20000000                . = ALIGN (0x4)
                0x20000000                _sdata = .
 *(.data)
 .data          0x20000000        0x1 ./objects/app.o
 .data          0x20000001        0x1 ./objects/radio.o
                0x20000001                MaxPayloadLength
 *fill*         0x20000002        0x2 
 .data          0x20000004        0x4 ./objects/utilities.o
 .data          0x20000008       0x18 ./objects/modbus_user.o
                0x20000008                mbsCoil
                0x20000014                mbsHoldReg
 .data          0x20000020        0x1 ./objects/lora_core.o
 .data          0x20000021        0x8 ./objects/lora_user.o
                0x20000021                IAP_Key
 *fill*         0x20000029        0x1 
 .data          0x2000002a        0x6 ./objects/rgb_ctrl.o
 *(.data*)
 .data.impure_data
                0x20000030      0x428 e:/software/gcc_2021.10/bin/../lib/gcc/arm-none-eabi/10.3.1/../../../../arm-none-eabi/lib/thumb/v7e-m/nofp\libc.a(lib_a-impure.o)
 .data.__atexit_recursive_mutex
                0x20000458        0x4 e:/software/gcc_2021.10/bin/../lib/gcc/arm-none-eabi/10.3.1/../../../../arm-none-eabi/lib/thumb/v7e-m/nofp\libc.a(lib_a-__call_atexit.o)
                0x20000458                __atexit_recursive_mutex
                0x2000045c                . = ALIGN (0x4)
                0x2000045c                _edata = .

.igot.plt       0x2000045c        0x0 load address 0x08017ed0
 .igot.plt      0x2000045c        0x0 e:/software/gcc_2021.10/bin/../lib/gcc/arm-none-eabi/10.3.1/thumb/v7e-m/nofp/crtbegin.o
                0x2000045c                . = ALIGN (0x4)

.bss            0x20000460     0x1688 load address 0x08017ed0
                0x20000460                _sbss = .
                0x20000460                __bss_start__ = _sbss
 *(.bss)
 .bss           0x20000460       0x1c e:/software/gcc_2021.10/bin/../lib/gcc/arm-none-eabi/10.3.1/thumb/v7e-m/nofp/crtbegin.o
 .bss           0x2000047c        0x1 ./objects/tremo_delay.o
 *fill*         0x2000047d        0x3 
 .bss           0x20000480      0x126 ./objects/main.o
                0x20000480                Sys_ms
                0x20000484                uart_state
                0x20000588                oc_init
                0x20000594                timerx_init
                0x200005a4                GPIO_RST_Flag
 *fill*         0x200005a6        0x2 
 .bss           0x200005a8       0x2c ./objects/lora_demo.o
                0x200005a8                State
                0x200005a9                RssiValue
                0x200005aa                SnrValue
                0x200005ac                ChipId
 .bss           0x200005d4       0x2c ./objects/app.o
                0x200005f8                IAP_Delay
 .bss           0x20000600       0x1d ./objects/rtc-board.o
                0x20000604                RtcCalendarContext
                0x20000610                RtcTimerContext
                0x20000618                McuWakeUpTime
                0x2000061c                NonScheduledWakeUp
 .bss           0x2000061d        0x1 ./objects/sx1262-board.o
                0x2000061d                gPaOptSetting
 *fill*         0x2000061e        0x2 
 .bss           0x20000620       0x11 ./objects/timer.o
                0x20000630                HasLoopedThroughMain
 *fill*         0x20000631        0x3 
 .bss           0x20000634        0x8 ./objects/sx126x.o
                0x20000638                FrequencyError
 .bss           0x2000063c      0x16c ./objects/radio.o
                0x20000640                IrqFired
                0x20000644                SX126x
                0x20000680                RxContinuous
                0x20000684                RxTimeout
                0x20000688                irqRegs
                0x2000068a                RadioRxPayload
                0x2000078c                RadioPktStatus
                0x200007a4                TxTimeout
 .bss           0x200007a8      0x130 ./objects/modbus_core.o
                0x200007a8                MBS_Buf
 .bss           0x200008d8      0x1a0 ./objects/modbus_user.o
                0x200008d8                mbsCoilValue
                0x20000960                mbsHoldRegValue
 .bss           0x20000a78       0x20 ./objects/lora_at_cmd.o
                0x20000a78                Lora_Para_AT
                0x20000a88                Lora_Para_AT_Last
 .bss           0x20000a98      0x660 ./objects/lora_core.o
                0x20000a98                Lora_State
                0x20000cc0                PackageID
                0x20000cc4                Register_Device
                0x20000d78                Associated_devices
 .bss           0x200010f8       0xac ./objects/lora_flash.o
                0x200010f8                page1_offset
                0x200010fa                page2_offset
                0x200011a2                page3_offset
 .bss           0x200011a4        0x1 ./objects/lora_function.o
                0x200011a4                Reset_FLAG
 *fill*         0x200011a5        0x3 
 .bss           0x200011a8        0x9 ./objects/lora_user.o
                0x200011a8                RoomCtrlTestMode
                0x200011ac                OTA_Last_time
                0x200011b0                STM8_IAP_Flag
 *fill*         0x200011b1        0x3 
 .bss           0x200011b4       0x3c ./objects/ymodem.o
                0x200011b4                ymodem_session
 .bss           0x200011f0      0x11c ./objects/mb_host.o
                0x200011f0                mb_host
 .bss           0x2000130c      0x16c ./objects/mb_port.o
                0x2000130c                MBS_IR
                0x2000131c                mbs_reg_ir
                0x20001324                MBS_ALL
                0x20001340                MBS_RoomLight
                0x20001350                mbs_reg_roomlight
                0x20001358                MBS_IR_Detect
                0x20001368                mbs_reg_irdetect
                0x20001374                mbs_coil_irdetect
                0x20001378                MBS_IR_Detect2
                0x20001388                mbs_reg_irdetect2
                0x20001394                mbs_coil_irdetect2
                0x20001398                MBS_Switch
                0x200013a8                mbs_reg_switch
                0x200013b0                mbs_coil_switch
                0x200013c0                MBS_ble
                0x200013d0                mbs_reg_ble
                0x200013dc                mbs_coil_ble
                0x200013e0                MBS_RoomIR
                0x200013f0                mbs_reg_roomir
                0x200013fc                mbs_coil_roomir
 .bss           0x20001478      0x568 ./objects/ringbuff.o
                0x20001478                Z9_ringbuf
                0x2000172c                MBS_ringbuf
 .bss           0x200019e0        0x4 ./objects/mbs_cmd_ctrl.o
 .bss           0x200019e4       0xfd ./objects/relay_ctrl.o
                0x200019e4                DeviceControlState
                0x20001a60                Relay_Index
                0x20001adc                AirCon_Close_Flag
                0x20001add                close_count
 *(.bss*)
 *fill*         0x20001ae1        0x3 
 .bss.__lock___atexit_recursive_mutex
                0x20001ae4        0x1 e:/software/gcc_2021.10/bin/../lib/gcc/arm-none-eabi/10.3.1/../../../../arm-none-eabi/lib/thumb/v7e-m/nofp\libc.a(lib_a-lock.o)
                0x20001ae4                __lock___atexit_recursive_mutex
 *(COMMON)
                0x20001ae8                . = ALIGN (0x4)
 *fill*         0x20001ae5        0x3 
                0x20001ae8                _ebss = .
                0x20001ae8                __bss_end__ = _ebss

.heap           0x20001ae8        0x0 load address 0x08017ed0
                0x20001ae8                . = ALIGN (0x4)
                0x20001ae8                _heap_bottom = .
                0x20001ae8                end = _heap_bottom
                0x20001ae8                _end = end
                0x20001ae8                __end = end
                0x20001ae8                . = (. + _HEAP_SIZE)
                0x20001ae8                _heap_top = .

.stack          0x20001ae8     0x1000 load address 0x08017ed0
                0x20001ae8                . = ALIGN (0x4)
                0x20001ae8                _stack_bottom = .
                0x20002ae8                . = (. + _STACK_SIZE)
 *fill*         0x20001ae8     0x1000 
                0x20002ae8                _stack_top = .

/DISCARD/
 libc.a(*)
 libm.a(*)
 libgcc.a(*)

.ARM.attributes
                0x00000000       0x2e
 *(.ARM.attributes)
 .ARM.attributes
                0x00000000       0x1e e:/software/gcc_2021.10/bin/../lib/gcc/arm-none-eabi/10.3.1/thumb/v7e-m/nofp/crti.o
 .ARM.attributes
                0x0000001e       0x2e e:/software/gcc_2021.10/bin/../lib/gcc/arm-none-eabi/10.3.1/thumb/v7e-m/nofp/crtbegin.o
 .ARM.attributes
                0x0000004c       0x25 ./objects/startup_cm4.o
 .ARM.attributes
                0x00000071       0x32 ./objects/system_cm4.o
 .ARM.attributes
                0x000000a3       0x32 ./objects/tremo_bstimer.o
 .ARM.attributes
                0x000000d5       0x32 ./objects/tremo_delay.o
 .ARM.attributes
                0x00000107       0x32 ./objects/tremo_flash.o
 .ARM.attributes
                0x00000139       0x32 ./objects/tremo_gpio.o
 .ARM.attributes
                0x0000016b       0x32 ./objects/tremo_pwr.o
 .ARM.attributes
                0x0000019d       0x32 ./objects/tremo_rcc.o
 .ARM.attributes
                0x000001cf       0x32 ./objects/tremo_rtc.o
 .ARM.attributes
                0x00000201       0x32 ./objects/tremo_system.o
 .ARM.attributes
                0x00000233       0x32 ./objects/tremo_timer.o
 .ARM.attributes
                0x00000265       0x32 ./objects/tremo_uart.o
 .ARM.attributes
                0x00000297       0x32 ./objects/tremo_wdg.o
 .ARM.attributes
                0x000002c9       0x32 ./objects/main.o
 .ARM.attributes
                0x000002fb       0x32 ./objects/tremo_it.o
 .ARM.attributes
                0x0000032d       0x32 ./objects/lora_demo.o
 .ARM.attributes
                0x0000035f       0x32 ./objects/app.o
 .ARM.attributes
                0x00000391       0x32 ./objects/stm8_armcode.o
 .ARM.attributes
                0x000003c3       0x32 ./objects/rtc-board.o
 .ARM.attributes
                0x000003f5       0x32 ./objects/sx1262-board.o
 .ARM.attributes
                0x00000427       0x32 ./objects/delay.o
 .ARM.attributes
                0x00000459       0x32 ./objects/timer.o
 .ARM.attributes
                0x0000048b       0x32 ./objects/sx126x.o
 .ARM.attributes
                0x000004bd       0x32 ./objects/radio.o
 .ARM.attributes
                0x000004ef       0x32 ./objects/utilities.o
 .ARM.attributes
                0x00000521       0x32 ./objects/modbus_core.o
 .ARM.attributes
                0x00000553       0x32 ./objects/modbus_crc.o
 .ARM.attributes
                0x00000585       0x32 ./objects/modbus_hook.o
 .ARM.attributes
                0x000005b7       0x32 ./objects/modbus_user.o
 .ARM.attributes
                0x000005e9       0x32 ./objects/lora_at_cmd.o
 .ARM.attributes
                0x0000061b       0x32 ./objects/lora_cmd_m.o
 .ARM.attributes
                0x0000064d       0x32 ./objects/lora_cmd_s.o
 .ARM.attributes
                0x0000067f       0x32 ./objects/lora_core.o
 .ARM.attributes
                0x000006b1       0x32 ./objects/lora_flash.o
 .ARM.attributes
                0x000006e3       0x32 ./objects/lora_function.o
 .ARM.attributes
                0x00000715       0x32 ./objects/lora_user.o
 .ARM.attributes
                0x00000747       0x32 ./objects/ymodem.o
 .ARM.attributes
                0x00000779       0x32 ./objects/mb_hook.o
 .ARM.attributes
                0x000007ab       0x32 ./objects/mb_host.o
 .ARM.attributes
                0x000007dd       0x32 ./objects/mb_port.o
 .ARM.attributes
                0x0000080f       0x32 ./objects/ringbuff.o
 .ARM.attributes
                0x00000841       0x32 ./objects/mbs_cmd_ctrl.o
 .ARM.attributes
                0x00000873       0x32 ./objects/relay_ctrl.o
 .ARM.attributes
                0x000008a5       0x32 ./objects/rgb_ctrl.o
 .ARM.attributes
                0x000008d7       0x1e e:/software/gcc_2021.10/bin/../lib/gcc/arm-none-eabi/10.3.1/thumb/v7e-m/nofp\libgcc.a(_arm_addsubdf3.o)
 .ARM.attributes
                0x000008f5       0x1e e:/software/gcc_2021.10/bin/../lib/gcc/arm-none-eabi/10.3.1/thumb/v7e-m/nofp\libgcc.a(_arm_muldivdf3.o)
 .ARM.attributes
                0x00000913       0x1e e:/software/gcc_2021.10/bin/../lib/gcc/arm-none-eabi/10.3.1/thumb/v7e-m/nofp\libgcc.a(_arm_cmpdf2.o)
 .ARM.attributes
                0x00000931       0x1e e:/software/gcc_2021.10/bin/../lib/gcc/arm-none-eabi/10.3.1/thumb/v7e-m/nofp\libgcc.a(_arm_fixunsdfsi.o)
 .ARM.attributes
                0x0000094f       0x2e e:/software/gcc_2021.10/bin/../lib/gcc/arm-none-eabi/10.3.1/thumb/v7e-m/nofp\libgcc.a(_fixunsdfdi.o)
 .ARM.attributes
                0x0000097d       0x2e e:/software/gcc_2021.10/bin/../lib/gcc/arm-none-eabi/10.3.1/../../../../arm-none-eabi/lib/thumb/v7e-m/nofp\libc.a(lib_a-impure.o)
 .ARM.attributes
                0x000009ab       0x2e e:/software/gcc_2021.10/bin/../lib/gcc/arm-none-eabi/10.3.1/../../../../arm-none-eabi/lib/thumb/v7e-m/nofp\libc.a(lib_a-init.o)
 .ARM.attributes
                0x000009d9       0x1c e:/software/gcc_2021.10/bin/../lib/gcc/arm-none-eabi/10.3.1/../../../../arm-none-eabi/lib/thumb/v7e-m/nofp\libc.a(lib_a-memcpy.o)
 .ARM.attributes
                0x000009f5       0x2e e:/software/gcc_2021.10/bin/../lib/gcc/arm-none-eabi/10.3.1/../../../../arm-none-eabi/lib/thumb/v7e-m/nofp\libc.a(lib_a-memset.o)
 .ARM.attributes
                0x00000a23       0x2e e:/software/gcc_2021.10/bin/../lib/gcc/arm-none-eabi/10.3.1/../../../../arm-none-eabi/lib/thumb/v7e-m/nofp\libc.a(lib_a-__call_atexit.o)
 .ARM.attributes
                0x00000a51       0x2e e:/software/gcc_2021.10/bin/../lib/gcc/arm-none-eabi/10.3.1/../../../../arm-none-eabi/lib/thumb/v7e-m/nofp\libc.a(lib_a-atexit.o)
 .ARM.attributes
                0x00000a7f       0x2e e:/software/gcc_2021.10/bin/../lib/gcc/arm-none-eabi/10.3.1/../../../../arm-none-eabi/lib/thumb/v7e-m/nofp\libc.a(lib_a-fini.o)
 .ARM.attributes
                0x00000aad       0x2e e:/software/gcc_2021.10/bin/../lib/gcc/arm-none-eabi/10.3.1/../../../../arm-none-eabi/lib/thumb/v7e-m/nofp\libc.a(lib_a-lock.o)
 .ARM.attributes
                0x00000adb       0x2e e:/software/gcc_2021.10/bin/../lib/gcc/arm-none-eabi/10.3.1/../../../../arm-none-eabi/lib/thumb/v7e-m/nofp\libc.a(lib_a-__atexit.o)
 .ARM.attributes
                0x00000b09       0x1e e:/software/gcc_2021.10/bin/../lib/gcc/arm-none-eabi/10.3.1/thumb/v7e-m/nofp/crtn.o
OUTPUT(./Objects/project.elf elf32-littlearm)
LOAD linker stubs
LOAD e:/software/gcc_2021.10/bin/../lib/gcc/arm-none-eabi/10.3.1/../../../../arm-none-eabi/lib/thumb/v7e-m/nofp\libc.a
LOAD e:/software/gcc_2021.10/bin/../lib/gcc/arm-none-eabi/10.3.1/../../../../arm-none-eabi/lib/thumb/v7e-m/nofp\libm.a
LOAD e:/software/gcc_2021.10/bin/../lib/gcc/arm-none-eabi/10.3.1/thumb/v7e-m/nofp\libgcc.a

.debug_line     0x00000000     0xffda
 .debug_line    0x00000000       0x70 ./objects/startup_cm4.o
 .debug_line    0x00000070      0x22a ./objects/system_cm4.o
 .debug_line    0x0000029a      0x34b ./objects/tremo_bstimer.o
 .debug_line    0x000005e5      0x23d ./objects/tremo_delay.o
 .debug_line    0x00000822      0x597 ./objects/tremo_flash.o
 .debug_line    0x00000db9      0x667 ./objects/tremo_gpio.o
 .debug_line    0x00001420      0x393 ./objects/tremo_pwr.o
 .debug_line    0x000017b3     0x116e ./objects/tremo_rcc.o
 .debug_line    0x00002921      0xcff ./objects/tremo_rtc.o
 .debug_line    0x00003620      0x1ab ./objects/tremo_system.o
 .debug_line    0x000037cb      0xd59 ./objects/tremo_timer.o
 .debug_line    0x00004524      0x60b ./objects/tremo_uart.o
 .debug_line    0x00004b2f      0x1a1 ./objects/tremo_wdg.o
 .debug_line    0x00004cd0      0x77c ./objects/main.o
 .debug_line    0x0000544c      0x116 ./objects/tremo_it.o
 .debug_line    0x00005562      0x3f9 ./objects/lora_demo.o
 .debug_line    0x0000595b      0x6b1 ./objects/app.o
 .debug_line    0x0000600c       0xce ./objects/stm8_armcode.o
 .debug_line    0x000060da      0x51f ./objects/rtc-board.o
 .debug_line    0x000065f9      0x783 ./objects/sx1262-board.o
 .debug_line    0x00006d7c      0x111 ./objects/delay.o
 .debug_line    0x00006e8d      0x674 ./objects/timer.o
 .debug_line    0x00007501      0xda3 ./objects/sx126x.o
 .debug_line    0x000082a4      0xd7b ./objects/radio.o
 .debug_line    0x0000901f      0x1dd ./objects/utilities.o
 .debug_line    0x000091fc      0x2fc ./objects/modbus_core.o
 .debug_line    0x000094f8       0x85 ./objects/modbus_crc.o
 .debug_line    0x0000957d      0x488 ./objects/modbus_hook.o
 .debug_line    0x00009a05      0x778 ./objects/modbus_user.o
 .debug_line    0x0000a17d      0x86a ./objects/lora_at_cmd.o
 .debug_line    0x0000a9e7      0x3c8 ./objects/lora_cmd_m.o
 .debug_line    0x0000adaf      0x508 ./objects/lora_cmd_s.o
 .debug_line    0x0000b2b7      0x6f7 ./objects/lora_core.o
 .debug_line    0x0000b9ae      0xcbd ./objects/lora_flash.o
 .debug_line    0x0000c66b      0x466 ./objects/lora_function.o
 .debug_line    0x0000cad1      0x742 ./objects/lora_user.o
 .debug_line    0x0000d213      0x4aa ./objects/ymodem.o
 .debug_line    0x0000d6bd      0x38e ./objects/mb_hook.o
 .debug_line    0x0000da4b      0xd47 ./objects/mb_host.o
 .debug_line    0x0000e792      0x623 ./objects/mb_port.o
 .debug_line    0x0000edb5      0x32c ./objects/ringbuff.o
 .debug_line    0x0000f0e1      0x121 ./objects/mbs_cmd_ctrl.o
 .debug_line    0x0000f202      0xaff ./objects/relay_ctrl.o
 .debug_line    0x0000fd01      0x2d9 ./objects/rgb_ctrl.o

.debug_info     0x00000000    0x1f66e
 .debug_info    0x00000000       0x22 ./objects/startup_cm4.o
 .debug_info    0x00000022      0x829 ./objects/system_cm4.o
 .debug_info    0x0000084b      0x6cf ./objects/tremo_bstimer.o
 .debug_info    0x00000f1a      0x79f ./objects/tremo_delay.o
 .debug_info    0x000016b9      0x55d ./objects/tremo_flash.o
 .debug_info    0x00001c16      0x8de ./objects/tremo_gpio.o
 .debug_info    0x000024f4      0x9d6 ./objects/tremo_pwr.o
 .debug_info    0x00002eca     0x1127 ./objects/tremo_rcc.o
 .debug_info    0x00003ff1     0x11d5 ./objects/tremo_rtc.o
 .debug_info    0x000051c6      0x4a5 ./objects/tremo_system.o
 .debug_info    0x0000566b     0x1e68 ./objects/tremo_timer.o
 .debug_info    0x000074d3      0xc7c ./objects/tremo_uart.o
 .debug_info    0x0000814f      0x544 ./objects/tremo_wdg.o
 .debug_info    0x00008693     0x236c ./objects/main.o
 .debug_info    0x0000a9ff      0x136 ./objects/tremo_it.o
 .debug_info    0x0000ab35      0xdf1 ./objects/lora_demo.o
 .debug_info    0x0000b926     0x10b7 ./objects/app.o
 .debug_info    0x0000c9dd       0xe8 ./objects/stm8_armcode.o
 .debug_info    0x0000cac5     0x1340 ./objects/rtc-board.o
 .debug_info    0x0000de05     0x1171 ./objects/sx1262-board.o
 .debug_info    0x0000ef76      0x159 ./objects/delay.o
 .debug_info    0x0000f0cf      0x970 ./objects/timer.o
 .debug_info    0x0000fa3f     0x21ea ./objects/sx126x.o
 .debug_info    0x00011c29     0x28e0 ./objects/radio.o
 .debug_info    0x00014509      0x2fb ./objects/utilities.o
 .debug_info    0x00014804      0x709 ./objects/modbus_core.o
 .debug_info    0x00014f0d      0x110 ./objects/modbus_crc.o
 .debug_info    0x0001501d      0x60e ./objects/modbus_hook.o
 .debug_info    0x0001562b      0x7a4 ./objects/modbus_user.o
 .debug_info    0x00015dcf     0x13ec ./objects/lora_at_cmd.o
 .debug_info    0x000171bb      0x81c ./objects/lora_cmd_m.o
 .debug_info    0x000179d7      0xa77 ./objects/lora_cmd_s.o
 .debug_info    0x0001844e      0xe37 ./objects/lora_core.o
 .debug_info    0x00019285      0xb29 ./objects/lora_flash.o
 .debug_info    0x00019dae      0x6fc ./objects/lora_function.o
 .debug_info    0x0001a4aa     0x15d1 ./objects/lora_user.o
 .debug_info    0x0001ba7b      0x463 ./objects/ymodem.o
 .debug_info    0x0001bede      0x5ee ./objects/mb_hook.o
 .debug_info    0x0001c4cc     0x117b ./objects/mb_host.o
 .debug_info    0x0001d647      0x796 ./objects/mb_port.o
 .debug_info    0x0001dddd      0x4fe ./objects/ringbuff.o
 .debug_info    0x0001e2db      0x109 ./objects/mbs_cmd_ctrl.o
 .debug_info    0x0001e3e4      0xebf ./objects/relay_ctrl.o
 .debug_info    0x0001f2a3      0x3cb ./objects/rgb_ctrl.o

.debug_abbrev   0x00000000     0x6568
 .debug_abbrev  0x00000000       0x12 ./objects/startup_cm4.o
 .debug_abbrev  0x00000012      0x1cd ./objects/system_cm4.o
 .debug_abbrev  0x000001df      0x1d1 ./objects/tremo_bstimer.o
 .debug_abbrev  0x000003b0      0x224 ./objects/tremo_delay.o
 .debug_abbrev  0x000005d4      0x1d6 ./objects/tremo_flash.o
 .debug_abbrev  0x000007aa      0x237 ./objects/tremo_gpio.o
 .debug_abbrev  0x000009e1      0x211 ./objects/tremo_pwr.o
 .debug_abbrev  0x00000bf2      0x263 ./objects/tremo_rcc.o
 .debug_abbrev  0x00000e55      0x3bc ./objects/tremo_rtc.o
 .debug_abbrev  0x00001211      0x142 ./objects/tremo_system.o
 .debug_abbrev  0x00001353      0x27b ./objects/tremo_timer.o
 .debug_abbrev  0x000015ce      0x31d ./objects/tremo_uart.o
 .debug_abbrev  0x000018eb      0x18f ./objects/tremo_wdg.o
 .debug_abbrev  0x00001a7a      0x3f1 ./objects/main.o
 .debug_abbrev  0x00001e6b       0xd4 ./objects/tremo_it.o
 .debug_abbrev  0x00001f3f      0x2e2 ./objects/lora_demo.o
 .debug_abbrev  0x00002221      0x32a ./objects/app.o
 .debug_abbrev  0x0000254b       0x61 ./objects/stm8_armcode.o
 .debug_abbrev  0x000025ac      0x46c ./objects/rtc-board.o
 .debug_abbrev  0x00002a18      0x3b5 ./objects/sx1262-board.o
 .debug_abbrev  0x00002dcd       0xef ./objects/delay.o
 .debug_abbrev  0x00002ebc      0x453 ./objects/timer.o
 .debug_abbrev  0x0000330f      0x422 ./objects/sx126x.o
 .debug_abbrev  0x00003731      0x4c6 ./objects/radio.o
 .debug_abbrev  0x00003bf7      0x140 ./objects/utilities.o
 .debug_abbrev  0x00003d37      0x1f4 ./objects/modbus_core.o
 .debug_abbrev  0x00003f2b       0x9c ./objects/modbus_crc.o
 .debug_abbrev  0x00003fc7      0x1a3 ./objects/modbus_hook.o
 .debug_abbrev  0x0000416a      0x20f ./objects/modbus_user.o
 .debug_abbrev  0x00004379      0x424 ./objects/lora_at_cmd.o
 .debug_abbrev  0x0000479d      0x20e ./objects/lora_cmd_m.o
 .debug_abbrev  0x000049ab      0x20d ./objects/lora_cmd_s.o
 .debug_abbrev  0x00004bb8      0x276 ./objects/lora_core.o
 .debug_abbrev  0x00004e2e      0x2ce ./objects/lora_flash.o
 .debug_abbrev  0x000050fc      0x1b6 ./objects/lora_function.o
 .debug_abbrev  0x000052b2      0x335 ./objects/lora_user.o
 .debug_abbrev  0x000055e7      0x203 ./objects/ymodem.o
 .debug_abbrev  0x000057ea      0x159 ./objects/mb_hook.o
 .debug_abbrev  0x00005943      0x366 ./objects/mb_host.o
 .debug_abbrev  0x00005ca9      0x1e1 ./objects/mb_port.o
 .debug_abbrev  0x00005e8a      0x1ce ./objects/ringbuff.o
 .debug_abbrev  0x00006058       0x93 ./objects/mbs_cmd_ctrl.o
 .debug_abbrev  0x000060eb      0x2ef ./objects/relay_ctrl.o
 .debug_abbrev  0x000063da      0x18e ./objects/rgb_ctrl.o

.debug_aranges  0x00000000     0x13c8
 .debug_aranges
                0x00000000       0x28 ./objects/startup_cm4.o
 .debug_aranges
                0x00000028       0x28 ./objects/system_cm4.o
 .debug_aranges
                0x00000050       0x68 ./objects/tremo_bstimer.o
 .debug_aranges
                0x000000b8       0x30 ./objects/tremo_delay.o
 .debug_aranges
                0x000000e8       0x40 ./objects/tremo_flash.o
 .debug_aranges
                0x00000128       0x78 ./objects/tremo_gpio.o
 .debug_aranges
                0x000001a0       0x58 ./objects/tremo_pwr.o
 .debug_aranges
                0x000001f8      0x178 ./objects/tremo_rcc.o
 .debug_aranges
                0x00000370      0x120 ./objects/tremo_rtc.o
 .debug_aranges
                0x00000490       0x28 ./objects/tremo_system.o
 .debug_aranges
                0x000004b8      0x140 ./objects/tremo_timer.o
 .debug_aranges
                0x000005f8       0x98 ./objects/tremo_uart.o
 .debug_aranges
                0x00000690       0x38 ./objects/tremo_wdg.o
 .debug_aranges
                0x000006c8       0x50 ./objects/main.o
 .debug_aranges
                0x00000718       0x58 ./objects/tremo_it.o
 .debug_aranges
                0x00000770       0x60 ./objects/lora_demo.o
 .debug_aranges
                0x000007d0       0x28 ./objects/app.o
 .debug_aranges
                0x000007f8       0x18 ./objects/stm8_armcode.o
 .debug_aranges
                0x00000810       0x78 ./objects/rtc-board.o
 .debug_aranges
                0x00000888       0xd0 ./objects/sx1262-board.o
 .debug_aranges
                0x00000958       0x28 ./objects/delay.o
 .debug_aranges
                0x00000980       0xa0 ./objects/timer.o
 .debug_aranges
                0x00000a20      0x198 ./objects/sx126x.o
 .debug_aranges
                0x00000bb8      0x140 ./objects/radio.o
 .debug_aranges
                0x00000cf8       0x50 ./objects/utilities.o
 .debug_aranges
                0x00000d48       0x48 ./objects/modbus_core.o
 .debug_aranges
                0x00000d90       0x20 ./objects/modbus_crc.o
 .debug_aranges
                0x00000db0       0x48 ./objects/modbus_hook.o
 .debug_aranges
                0x00000df8       0x60 ./objects/modbus_user.o
 .debug_aranges
                0x00000e58       0xd0 ./objects/lora_at_cmd.o
 .debug_aranges
                0x00000f28       0x58 ./objects/lora_cmd_m.o
 .debug_aranges
                0x00000f80       0x68 ./objects/lora_cmd_s.o
 .debug_aranges
                0x00000fe8       0x40 ./objects/lora_core.o
 .debug_aranges
                0x00001028       0x68 ./objects/lora_flash.o
 .debug_aranges
                0x00001090       0x68 ./objects/lora_function.o
 .debug_aranges
                0x000010f8       0x80 ./objects/lora_user.o
 .debug_aranges
                0x00001178       0x30 ./objects/ymodem.o
 .debug_aranges
                0x000011a8       0x48 ./objects/mb_hook.o
 .debug_aranges
                0x000011f0       0x78 ./objects/mb_host.o
 .debug_aranges
                0x00001268       0x68 ./objects/mb_port.o
 .debug_aranges
                0x000012d0       0x58 ./objects/ringbuff.o
 .debug_aranges
                0x00001328       0x20 ./objects/mbs_cmd_ctrl.o
 .debug_aranges
                0x00001348       0x50 ./objects/relay_ctrl.o
 .debug_aranges
                0x00001398       0x30 ./objects/rgb_ctrl.o

.debug_str      0x00000000     0x82c3
 .debug_str     0x00000000       0x4d ./objects/startup_cm4.o
 .debug_str     0x0000004d      0x585 ./objects/system_cm4.o
                                0x61a (size before relaxing)
 .debug_str     0x000005d2      0x5de ./objects/tremo_bstimer.o
                                0x810 (size before relaxing)
 .debug_str     0x00000bb0       0xc3 ./objects/tremo_delay.o
                                0x5cc (size before relaxing)
 .debug_str     0x00000c73       0xe5 ./objects/tremo_flash.o
                                0x3dc (size before relaxing)
 .debug_str     0x00000d58      0x310 ./objects/tremo_gpio.o
                                0x8b2 (size before relaxing)
 .debug_str     0x00001068       0xda ./objects/tremo_pwr.o
                                0x69b (size before relaxing)
 .debug_str     0x00001142      0xed7 ./objects/tremo_rcc.o
                               0x1523 (size before relaxing)
 .debug_str     0x00002019      0x865 ./objects/tremo_rtc.o
                                0xeb5 (size before relaxing)
 .debug_str     0x0000287e       0x55 ./objects/tremo_system.o
                                0x399 (size before relaxing)
 .debug_str     0x000028d3     0x1af7 ./objects/tremo_timer.o
                               0x2254 (size before relaxing)
 .debug_str     0x000043ca      0x51e ./objects/tremo_uart.o
                                0xba6 (size before relaxing)
 .debug_str     0x000048e8       0xfe ./objects/tremo_wdg.o
                                0x69b (size before relaxing)
 .debug_str     0x000049e6      0x385 ./objects/main.o
                               0x1615 (size before relaxing)
 .debug_str     0x00004d6b       0xd3 ./objects/tremo_it.o
                                0x220 (size before relaxing)
 .debug_str     0x00004e3e      0x189 ./objects/lora_demo.o
                                0x72c (size before relaxing)
 .debug_str     0x00004fc7      0x306 ./objects/app.o
                                0x88f (size before relaxing)
 .debug_str     0x000052cd       0x25 ./objects/stm8_armcode.o
                                0x24b (size before relaxing)
 .debug_str     0x000052f2      0x319 ./objects/rtc-board.o
                                0xf6d (size before relaxing)
 .debug_str     0x0000560b      0x5f3 ./objects/sx1262-board.o
                                0xc9e (size before relaxing)
 .debug_str     0x00005bfe       0x17 ./objects/delay.o
                                0x211 (size before relaxing)
 .debug_str     0x00005c15      0x25a ./objects/timer.o
                                0x584 (size before relaxing)
 .debug_str     0x00005e6f      0xedb ./objects/sx126x.o
                               0x1747 (size before relaxing)
 .debug_str     0x00006d4a      0x4fa ./objects/radio.o
                               0x15db (size before relaxing)
 .debug_str     0x00007244       0x47 ./objects/utilities.o
                                0x2ac (size before relaxing)
 .debug_str     0x0000728b      0x23b ./objects/modbus_core.o
                                0x5ba (size before relaxing)
 .debug_str     0x000074c6       0x37 ./objects/modbus_crc.o
                                0x1d2 (size before relaxing)
 .debug_str     0x000074fd       0xfd ./objects/modbus_hook.o
                                0x4eb (size before relaxing)
 .debug_str     0x000075fa       0x77 ./objects/modbus_user.o
                                0x450 (size before relaxing)
 .debug_str     0x00007671      0x253 ./objects/lora_at_cmd.o
                                0x721 (size before relaxing)
 .debug_str     0x000078c4       0xc0 ./objects/lora_cmd_m.o
                                0x52e (size before relaxing)
 .debug_str     0x00007984       0x77 ./objects/lora_cmd_s.o
                                0x5e4 (size before relaxing)
 .debug_str     0x000079fb      0x13d ./objects/lora_core.o
                                0x7f4 (size before relaxing)
 .debug_str     0x00007b38       0xac ./objects/lora_flash.o
                                0x5b1 (size before relaxing)
 .debug_str     0x00007be4       0x96 ./objects/lora_function.o
                                0x49d (size before relaxing)
 .debug_str     0x00007c7a       0x5a ./objects/lora_user.o
                                0xcf5 (size before relaxing)
 .debug_str     0x00007cd4       0x90 ./objects/ymodem.o
                                0x354 (size before relaxing)
 .debug_str     0x00007d64       0x9f ./objects/mb_hook.o
                                0x38f (size before relaxing)
 .debug_str     0x00007e03      0x108 ./objects/mb_host.o
                                0x56d (size before relaxing)
 .debug_str     0x00007f0b      0x1b7 ./objects/mb_port.o
                                0x50a (size before relaxing)
 .debug_str     0x000080c2       0x77 ./objects/ringbuff.o
                                0x340 (size before relaxing)
 .debug_str     0x00008139       0x64 ./objects/mbs_cmd_ctrl.o
                                0x25d (size before relaxing)
 .debug_str     0x0000819d       0xc5 ./objects/relay_ctrl.o
                                0x3f5 (size before relaxing)
 .debug_str     0x00008262       0x61 ./objects/rgb_ctrl.o
                                0x31f (size before relaxing)

.debug_ranges   0x00000000     0x1a70
 .debug_ranges  0x00000000       0x20 ./objects/startup_cm4.o
 .debug_ranges  0x00000020       0x70 ./objects/system_cm4.o
 .debug_ranges  0x00000090       0x58 ./objects/tremo_bstimer.o
 .debug_ranges  0x000000e8       0x58 ./objects/tremo_delay.o
 .debug_ranges  0x00000140       0x90 ./objects/tremo_flash.o
 .debug_ranges  0x000001d0       0x68 ./objects/tremo_gpio.o
 .debug_ranges  0x00000238       0x60 ./objects/tremo_pwr.o
 .debug_ranges  0x00000298      0x180 ./objects/tremo_rcc.o
 .debug_ranges  0x00000418      0x140 ./objects/tremo_rtc.o
 .debug_ranges  0x00000558       0x18 ./objects/tremo_system.o
 .debug_ranges  0x00000570      0x130 ./objects/tremo_timer.o
 .debug_ranges  0x000006a0       0x88 ./objects/tremo_uart.o
 .debug_ranges  0x00000728       0x28 ./objects/tremo_wdg.o
 .debug_ranges  0x00000750      0x198 ./objects/main.o
 .debug_ranges  0x000008e8       0x48 ./objects/tremo_it.o
 .debug_ranges  0x00000930       0x70 ./objects/lora_demo.o
 .debug_ranges  0x000009a0      0x100 ./objects/app.o
 .debug_ranges  0x00000aa0      0x140 ./objects/rtc-board.o
 .debug_ranges  0x00000be0      0x188 ./objects/sx1262-board.o
 .debug_ranges  0x00000d68       0x30 ./objects/delay.o
 .debug_ranges  0x00000d98       0xf0 ./objects/timer.o
 .debug_ranges  0x00000e88      0x1e8 ./objects/sx126x.o
 .debug_ranges  0x00001070      0x1a8 ./objects/radio.o
 .debug_ranges  0x00001218       0x40 ./objects/utilities.o
 .debug_ranges  0x00001258       0x50 ./objects/modbus_core.o
 .debug_ranges  0x000012a8       0x10 ./objects/modbus_crc.o
 .debug_ranges  0x000012b8       0x38 ./objects/modbus_hook.o
 .debug_ranges  0x000012f0      0x138 ./objects/modbus_user.o
 .debug_ranges  0x00001428      0x118 ./objects/lora_at_cmd.o
 .debug_ranges  0x00001540       0x48 ./objects/lora_cmd_m.o
 .debug_ranges  0x00001588       0x58 ./objects/lora_cmd_s.o
 .debug_ranges  0x000015e0       0x48 ./objects/lora_core.o
 .debug_ranges  0x00001628       0x58 ./objects/lora_flash.o
 .debug_ranges  0x00001680       0x58 ./objects/lora_function.o
 .debug_ranges  0x000016d8       0xa0 ./objects/lora_user.o
 .debug_ranges  0x00001778       0x38 ./objects/ymodem.o
 .debug_ranges  0x000017b0       0x38 ./objects/mb_hook.o
 .debug_ranges  0x000017e8      0x118 ./objects/mb_host.o
 .debug_ranges  0x00001900       0x58 ./objects/mb_port.o
 .debug_ranges  0x00001958       0x78 ./objects/ringbuff.o
 .debug_ranges  0x000019d0       0x10 ./objects/mbs_cmd_ctrl.o
 .debug_ranges  0x000019e0       0x70 ./objects/relay_ctrl.o
 .debug_ranges  0x00001a50       0x20 ./objects/rgb_ctrl.o

.debug_loc      0x00000000     0xe320
 .debug_loc     0x00000000       0xc3 ./objects/system_cm4.o
 .debug_loc     0x000000c3      0x136 ./objects/tremo_bstimer.o
 .debug_loc     0x000001f9      0x1fe ./objects/tremo_delay.o
 .debug_loc     0x000003f7      0x4a9 ./objects/tremo_flash.o
 .debug_loc     0x000008a0      0x850 ./objects/tremo_gpio.o
 .debug_loc     0x000010f0      0x15f ./objects/tremo_pwr.o
 .debug_loc     0x0000124f      0x777 ./objects/tremo_rcc.o
 .debug_loc     0x000019c6      0xe95 ./objects/tremo_rtc.o
 .debug_loc     0x0000285b       0x42 ./objects/tremo_system.o
 .debug_loc     0x0000289d     0x1140 ./objects/tremo_timer.o
 .debug_loc     0x000039dd      0x6e6 ./objects/tremo_uart.o
 .debug_loc     0x000040c3       0x2c ./objects/tremo_wdg.o
 .debug_loc     0x000040ef      0x2bf ./objects/main.o
 .debug_loc     0x000043ae      0x21e ./objects/lora_demo.o
 .debug_loc     0x000045cc      0x1ba ./objects/app.o
 .debug_loc     0x00004786      0x67f ./objects/rtc-board.o
 .debug_loc     0x00004e05      0x851 ./objects/sx1262-board.o
 .debug_loc     0x00005656       0xb2 ./objects/delay.o
 .debug_loc     0x00005708      0x6d8 ./objects/timer.o
 .debug_loc     0x00005de0     0x11a4 ./objects/sx126x.o
 .debug_loc     0x00006f84     0x14a9 ./objects/radio.o
 .debug_loc     0x0000842d      0x25d ./objects/utilities.o
 .debug_loc     0x0000868a      0x207 ./objects/modbus_core.o
 .debug_loc     0x00008891      0x10e ./objects/modbus_crc.o
 .debug_loc     0x0000899f      0x4ff ./objects/modbus_hook.o
 .debug_loc     0x00008e9e      0x776 ./objects/modbus_user.o
 .debug_loc     0x00009614      0xd5b ./objects/lora_at_cmd.o
 .debug_loc     0x0000a36f      0x228 ./objects/lora_cmd_m.o
 .debug_loc     0x0000a597      0x1eb ./objects/lora_cmd_s.o
 .debug_loc     0x0000a782      0x4dd ./objects/lora_core.o
 .debug_loc     0x0000ac5f      0x4d7 ./objects/lora_flash.o
 .debug_loc     0x0000b136      0x3ec ./objects/lora_function.o
 .debug_loc     0x0000b522      0x44e ./objects/lora_user.o
 .debug_loc     0x0000b970      0x3ff ./objects/ymodem.o
 .debug_loc     0x0000bd6f      0x62a ./objects/mb_hook.o
 .debug_loc     0x0000c399      0xdec ./objects/mb_host.o
 .debug_loc     0x0000d185      0x326 ./objects/mb_port.o
 .debug_loc     0x0000d4ab      0x36a ./objects/ringbuff.o
 .debug_loc     0x0000d815       0x2c ./objects/mbs_cmd_ctrl.o
 .debug_loc     0x0000d841      0x9d7 ./objects/relay_ctrl.o
 .debug_loc     0x0000e218      0x108 ./objects/rgb_ctrl.o

.comment        0x00000000       0x49
 .comment       0x00000000       0x49 ./objects/system_cm4.o
                                 0x4a (size before relaxing)
 .comment       0x00000049       0x4a ./objects/tremo_bstimer.o
 .comment       0x00000049       0x4a ./objects/tremo_delay.o
 .comment       0x00000049       0x4a ./objects/tremo_flash.o
 .comment       0x00000049       0x4a ./objects/tremo_gpio.o
 .comment       0x00000049       0x4a ./objects/tremo_pwr.o
 .comment       0x00000049       0x4a ./objects/tremo_rcc.o
 .comment       0x00000049       0x4a ./objects/tremo_rtc.o
 .comment       0x00000049       0x4a ./objects/tremo_system.o
 .comment       0x00000049       0x4a ./objects/tremo_timer.o
 .comment       0x00000049       0x4a ./objects/tremo_uart.o
 .comment       0x00000049       0x4a ./objects/tremo_wdg.o
 .comment       0x00000049       0x4a ./objects/main.o
 .comment       0x00000049       0x4a ./objects/tremo_it.o
 .comment       0x00000049       0x4a ./objects/lora_demo.o
 .comment       0x00000049       0x4a ./objects/app.o
 .comment       0x00000049       0x4a ./objects/stm8_armcode.o
 .comment       0x00000049       0x4a ./objects/rtc-board.o
 .comment       0x00000049       0x4a ./objects/sx1262-board.o
 .comment       0x00000049       0x4a ./objects/delay.o
 .comment       0x00000049       0x4a ./objects/timer.o
 .comment       0x00000049       0x4a ./objects/sx126x.o
 .comment       0x00000049       0x4a ./objects/radio.o
 .comment       0x00000049       0x4a ./objects/utilities.o
 .comment       0x00000049       0x4a ./objects/modbus_core.o
 .comment       0x00000049       0x4a ./objects/modbus_crc.o
 .comment       0x00000049       0x4a ./objects/modbus_hook.o
 .comment       0x00000049       0x4a ./objects/modbus_user.o
 .comment       0x00000049       0x4a ./objects/lora_at_cmd.o
 .comment       0x00000049       0x4a ./objects/lora_cmd_m.o